******************************************************************************
                  TI ARM Linker PC v20.2.0                     
******************************************************************************
>> Linked Thu Jun 29 03:18:47 2023

OUTPUT FILE NAME:   <S23_Proj3.out>
ENTRY POINT SYMBOL: "_c_int00_noargs"  address: 0000491d


MEMORY CONFIGURATION

         name            origin    length      used     unused   attr    fill
----------------------  --------  ---------  --------  --------  ----  --------
  MAIN                  00000000   00040000  000057cc  0003a834  R  X
  INFO                  00200000   00004000  00000000  00004000  R  X
  SRAM_CODE             01000000   00010000  00000284  0000fd7c  RW X
  SRAM_DATA             20000000   00010000  00000284  0000fd7c  RW  


SEGMENT ALLOCATION MAP

run origin  load origin   length   init length attrs members
----------  ----------- ---------- ----------- ----- -------
00000000    00000000    000057d0   000057d0    r-x
  00000000    00000000    000000e4   000000e4    r-- .intvecs
  000000e4    000000e4    000050e8   000050e8    r-x .text
  000051cc    000051cc    000005c8   000005c8    r-- .const
  00005798    00005798    00000038   00000038    r-- .cinit
20000000    20000000    00000084   00000000    rw-
  20000000    20000000    00000068   00000000    rw- .bss
  20000068    20000068    0000001c   00000000    rw- .data
2000fe00    2000fe00    00000200   00000000    rw-
  2000fe00    2000fe00    00000200   00000000    rw- .stack


SECTION ALLOCATION MAP

 output                                  attributes/
section   page    origin      length       input sections
--------  ----  ----------  ----------   ----------------
.intvecs   0    00000000    000000e4     
                  00000000    000000e4     startup_msp432p401r_ccs.obj (.intvecs:retain)

.text      0    000000e4    000050e8     
                  000000e4    00000a4e     rtsv7M4_T_le_v4SPD16_eabi.lib : _printfi.c.obj (.text:__TI_printfi)
                  00000b32    0000047e     grlib.a : string.obj (.text:Graphics_drawString)
                  00000fb0    00000270     rtsv7M4_T_le_v4SPD16_eabi.lib : _printfi.c.obj (.text:_pconv_a)
                  00001220    0000022a     grlib.a : circle.obj (.text:Graphics_fillCircle)
                  0000144a    000001d8     Crystalfontz128x128_ST7735.obj (.text:Crystalfontz128x128_PixelDrawMultiple)
                  00001622    00000002     startup_msp432p401r_ccs.obj (.text:Default_Handler)
                  00001624    000001d0     rtsv7M4_T_le_v4SPD16_eabi.lib : _printfi.c.obj (.text:_pconv_g)
                  000017f4    000001b6                                   : fd_add_t2.asm.obj (.text)
                  000019aa    00000002                                   : div0.asm.obj (.text)
                  000019ac    0000019c     msp432p4xx_driverlib.lib : cs.o (.text:CS_setDCOFrequency)
                  00001b48    0000016e     project3_main.obj (.text:Application_showInstructionScreen)
                  00001cb6    00000002     --HOLE-- [fill = 0]
                  00001cb8    00000160     msp432p4xx_driverlib.lib : adc14.o (.text:_getIndexForMemRegister)
                  00001e18    00000158     project3_main.obj (.text:Application_updateGameScreen)
                  00001f70    0000013c     rtsv7M4_T_le_v4SPD16_eabi.lib : _printfi.c.obj (.text:_pconv_e)
                  000020ac    00000136                                   : fd_div_t2.asm.obj (.text)
                  000021e2    00000002     --HOLE-- [fill = 0]
                  000021e4    00000134     Crystalfontz128x128_ST7735.obj (.text:Crystalfontz128x128_SetDrawFrame)
                  00002318    00000130     msp432p4xx_driverlib.lib : cs.o (.text:CS_initClockSignal)
                  00002448    0000012c     Crystalfontz128x128_ST7735.obj (.text:Crystalfontz128x128_Init)
                  00002574    00000124     rtsv7M4_T_le_v4SPD16_eabi.lib : _printfi.c.obj (.text:fcvt)
                  00002698    00000122     project3_main.obj (.text:Application_loop)
                  000027ba    00000002     --HOLE-- [fill = 0]
                  000027bc    00000116     project3_main.obj (.text:Application_showGameOverScreen)
                  000028d2    00000002     --HOLE-- [fill = 0]
                  000028d4    00000110     project3_main.obj (.text:Application_showTitleScreen)
                  000029e4    00000110     rtsv7M4_T_le_v4SPD16_eabi.lib : s_scalbn.c.obj (.text:scalbn)
                  00002af4    000000fc                                   : fd_mul_t2.asm.obj (.text)
                  00002bf0    000000f8     project3_main.obj (.text:Application_handleGameScreen)
                  00002ce8    000000b4     msp432p4xx_driverlib.lib : adc14.o (.text:ADC14_configureConversionMemory)
                  00002d9c    000000b4                              : adc14.o (.text:ADC14_configureMultiSequenceMode)
                  00002e50    000000b1     rtsv7M4_T_le_v4SPD16_eabi.lib : _printfi.c.obj (.text:_ltostr)
                  00002f01    00000003     --HOLE-- [fill = 0]
                  00002f04    000000b0     Joystick.obj (.text:Joystick_refresh)
                  00002fb4    000000b0     msp432p4xx_driverlib.lib : spi.o (.text:SPI_initMaster)
                  00003064    000000a2     grlib.a : rectangle.obj (.text:Graphics_drawRectangle)
                  00003106    0000009c     Crystalfontz128x128_ST7735.obj (.text:Crystalfontz128x128_RectFill)
                  000031a2    0000009c     grlib.a : line.obj (.text:Graphics_drawLineH)
                  0000323e    0000009c             : line.obj (.text:Graphics_drawLineV)
                  000032da    0000009c     rtsv7M4_T_le_v4SPD16_eabi.lib : memcpy_t2.asm.obj (.text)
                  00003376    0000009a     project3_main.obj (.text:Application_construct)
                  00003410    00000098     project3_main.obj (.text:Application_showGameScreen)
                  000034a8    00000096     rtsv7M4_T_le_v4SPD16_eabi.lib : ull_div_t2.asm.obj (.text)
                  0000353e    00000002     --HOLE-- [fill = 0]
                  00003540    00000094     msp432p4xx_driverlib.lib : sysctl_a.o (.text:SysCtl_A_getTLVInfo)
                  000035d4    0000008c     Timer.obj (.text:InitSystemTiming)
                  00003660    00000088     msp432p4xx_driverlib.lib : cs.o (.text:CS_tuneDCOFrequency)
                  000036e8    00000088                              : gpio.o (.text:GPIO_setAsPeripheralModuleFunctionInputPin)
                  00003770    00000088                              : gpio.o (.text:GPIO_setAsPeripheralModuleFunctionOutputPin)
                  000037f8    00000086     rtsv7M4_T_le_v4SPD16_eabi.lib : fd_cmp_t2.asm.obj (.text:__aeabi_cdcmple)
                  0000387e    00000086                                   : fd_cmp_t2.asm.obj (.text:__aeabi_cdrcmple)
                  00003904    00000080     project3_main.obj (.text:Application_init)
                  00003984    00000080     msp432p4xx_driverlib.lib : interrupt.o (.text:Interrupt_enableInterrupt)
                  00003a04    0000007c     Button.obj (.text:initButtons)
                  00003a80    0000007a     rtsv7M4_T_le_v4SPD16_eabi.lib : memset_t2.asm.obj (.text)
                  00003afa    00000002     --HOLE-- [fill = 0]
                  00003afc    00000078     system_msp432p401r.obj (.text:SystemInit)
                  00003b74    0000006e     rtsv7M4_T_le_v4SPD16_eabi.lib : _printfi.c.obj (.text:_mcpy)
                  00003be2    00000002     --HOLE-- [fill = 0]
                  00003be4    00000068     msp432p4xx_driverlib.lib : timer32.o (.text:Timer32_initModule)
                  00003c4c    00000068     rtsv7M4_T_le_v4SPD16_eabi.lib : copy_decompress_lzss.c.obj (.text:decompress:lzss:__TI_decompress_lzss)
                  00003cb4    00000064                                   : s_frexp.c.obj (.text:frexp)
                  00003d18    00000060     Button.obj (.text:BB1tapped)
                  00003d78    00000060     Button.obj (.text:BB2tapped)
                  00003dd8    00000060     Crystalfontz128x128_ST7735.obj (.text:Crystalfontz128x128_LineDrawH)
                  00003e38    00000060     Crystalfontz128x128_ST7735.obj (.text:Crystalfontz128x128_LineDrawV)
                  00003e98    00000060     Button.obj (.text:JSBtapped)
                  00003ef8    00000060     Button.obj (.text:LB1tapped)
                  00003f58    00000060     Button.obj (.text:LB2tapped)
                  00003fb8    00000058     msp432p4xx_driverlib.lib : gpio.o (.text:GPIO_setAsInputPinWithPullUpResistor)
                  00004010    00000058     Timer.obj (.text:SWTimer_elapsedCycles)
                  00004068    00000058     LED.obj (.text:initLEDs)
                  000040c0    00000056     rtsv7M4_T_le_v4SPD16_eabi.lib : _printfi.c.obj (.text:_pconv_f)
                  00004116    00000002     --HOLE-- [fill = 0]
                  00004118    00000054     msp432p4xx_driverlib.lib : adc14.o (.text:ADC14_initModule)
                  0000416c    00000054     Crystalfontz128x128_ST7735.obj (.text:Crystalfontz128x128_SetOrientation)
                  000041c0    00000054     Timer.obj (.text:SWTimer_construct)
                  00004214    00000054     rtsv7M4_T_le_v4SPD16_eabi.lib : _ltoa.c.obj (.text:__TI_ltoa)
                  00004268    00000052     grlib.a : context.obj (.text:Graphics_initContext)
                  000042ba    00000052     rtsv7M4_T_le_v4SPD16_eabi.lib : _printfi.c.obj (.text:_ecpy)
                  0000430c    0000004c                                   : atoi.c.obj (.text:atoi)
                  00004358    00000048     msp432p4xx_driverlib.lib : flash.o (.text:FlashCtl_setWaitState)
                  000043a0    00000048     Graphics.obj (.text:GFX_construct)
                  000043e8    00000048     rtsv7M4_T_le_v4SPD16_eabi.lib : fd_toi_t2.asm.obj (.text)
                  00004430    00000046     Joystick.obj (.text:initJoyStick)
                  00004476    00000002     --HOLE-- [fill = 0]
                  00004478    00000044     rtsv7M4_T_le_v4SPD16_eabi.lib : autoinit.c.obj (.text:__TI_auto_init_nobinit_nopinit:__TI_auto_init_nobinit_nopinit)
                  000044bc    00000040     Crystalfontz128x128_ST7735.obj (.text:Crystalfontz128x128_PixelDraw)
                  000044fc    00000040     msp432p4xx_driverlib.lib : gpio.o (.text:GPIO_setAsOutputPin)
                  0000453c    00000040     grlib.a : string.obj (.text:Graphics_getNumberOfLeadingZeros)
                  0000457c    00000040     HAL_MSP_EXP432P401R_Crystalfontz128x128_ST7735.obj (.text:HAL_LCD_SpiInit)
                  000045bc    00000040     Button.obj (.text:PORT1_IRQHandler)
                  000045fc    00000040     msp432p4xx_driverlib.lib : spi.o (.text:is_A_Module)
                  0000463c    00000040     rtsv7M4_T_le_v4SPD16_eabi.lib : sprintf.c.obj (.text:sprintf)
                  0000467c    0000003e                                   : _printfi.c.obj (.text:_fcpy)
                  000046ba    00000002     --HOLE-- [fill = 0]
                  000046bc    0000003c     msp432p4xx_driverlib.lib : gpio.o (.text:GPIO_interruptEdgeSelect)
                  000046f8    0000003a     Button.obj (.text:updateButtons)
                  00004732    00000002     --HOLE-- [fill = 0]
                  00004734    00000038     msp432p4xx_driverlib.lib : adc14.o (.text:ADC14_getEnabledInterruptStatus)
                  0000476c    00000038     HAL_MSP_EXP432P401R_Crystalfontz128x128_ST7735.obj (.text:HAL_LCD_writeCommand)
                  000047a4    00000038     msp432p4xx_driverlib.lib : timer32.o (.text:Timer32_startTimer)
                  000047dc    00000036     grlib.a : display.obj (.text:Graphics_drawHorizontalLineOnDisplay)
                  00004812    00000036             : display.obj (.text:Graphics_drawVerticalLineOnDisplay)
                  00004848    00000036     Joystick.obj (.text:initADC)
                  0000487e    00000002     --HOLE-- [fill = 0]
                  00004880    00000034     msp432p4xx_driverlib.lib : adc14.o (.text:ADC14_enableSampleTimer)
                  000048b4    00000034                              : cs.o (.text:CS_setDCOCenteredFrequency)
                  000048e8    00000034                              : timer32.o (.text:Timer32_setCount)
                  0000491c    00000034     rtsv7M4_T_le_v4SPD16_eabi.lib : boot_cortex_m.c.obj (.text:_c_int00_noargs:_c_int00_noargs)
                  00004950    00000032     project3_main.obj (.text:main)
                  00004982    00000002     --HOLE-- [fill = 0]
                  00004984    00000030     msp432p4xx_driverlib.lib : adc14.o (.text:ADC14_clearInterruptFlag)
                  000049b4    00000030                              : adc14.o (.text:ADC14_enableInterrupt)
                  000049e4    00000030                              : adc14.o (.text:ADC14_setSampleHoldTime)
                  00004a14    00000030     project3_main.obj (.text:Application_handleTitleScreen)
                  00004a44    00000030     HAL_MSP_EXP432P401R_Crystalfontz128x128_ST7735.obj (.text:HAL_LCD_PortInit)
                  00004a74    0000002e     HAL.obj (.text:HAL_construct)
                  00004aa2    0000002e     rtsv7M4_T_le_v4SPD16_eabi.lib : i_tofd_t2.asm.obj (.text)
                  00004ad0    0000002c     Joystick.obj (.text:ADC14_IRQHandler)
                  00004afc    0000002c     msp432p4xx_driverlib.lib : adc14.o (.text:ADC14_getInterruptStatus)
                  00004b28    0000002c                              : adc14.o (.text:ADC14_toggleConversionTrigger)
                  00004b54    0000002c     Crystalfontz128x128_ST7735.obj (.text:Crystalfontz128x128_ClearScreen)
                  00004b80    0000002c     grlib.a : display.obj (.text:Graphics_drawPixelOnDisplay)
                  00004bac    0000002c     HAL_MSP_EXP432P401R_Crystalfontz128x128_ST7735.obj (.text:HAL_LCD_writeData)
                  00004bd8    0000002a     Timer.obj (.text:SWTimer_expired)
                  00004c02    0000002a     Button.obj (.text:initButton)
                  00004c2c    00000028     msp432p4xx_driverlib.lib : adc14.o (.text:ADC14_enableConversion)
                  00004c54    00000028                              : adc14.o (.text:ADC14_getResult)
                  00004c7c    00000028     Crystalfontz128x128_ST7735.obj (.text:Crystalfontz128x128_ColorTranslate)
                  00004ca4    00000028     msp432p4xx_driverlib.lib : gpio.o (.text:GPIO_clearInterruptFlag)
                  00004ccc    00000028                              : gpio.o (.text:GPIO_enableInterrupt)
                  00004cf4    00000028                              : gpio.o (.text:GPIO_setOutputHighOnPin)
                  00004d1c    00000028                              : gpio.o (.text:GPIO_setOutputLowOnPin)
                  00004d44    00000028                              : gpio.o (.text:GPIO_toggleOutputOnPin)
                  00004d6c    00000028                              : pcm.o (.text:PCM_gotoLPM0)
                  00004d94    00000028     Timer.obj (.text:T32_INT1_IRQHandler)
                  00004dbc    00000024     msp432p4xx_driverlib.lib : gpio.o (.text:GPIO_getInterruptStatus)
                  00004de0    00000024     Joystick.obj (.text:Joystick_construct)
                  00004e04    00000024     Timer.obj (.text:SWTimer_start)
                  00004e28    00000024     msp432p4xx_driverlib.lib : wdt_a.o (.text:WDT_A_holdTimer)
                  00004e4c    00000020     Button.obj (.text:PORT3_IRQHandler)
                  00004e6c    00000020     Button.obj (.text:PORT4_IRQHandler)
                  00004e8c    00000020     Button.obj (.text:PORT5_IRQHandler)
                  00004eac    0000001e     rtsv7M4_T_le_v4SPD16_eabi.lib : strcat.c.obj (.text:strcat)
                  00004eca    0000001c     msp432p4xx_driverlib.lib : spi.o (.text:SPI_enableModule)
                  00004ee6    0000001c     rtsv7M4_T_le_v4SPD16_eabi.lib : copy_zero_init.c.obj (.text:decompress:ZI:__TI_zero_init_nomemset:__TI_zero_init_nomemset)
                  00004f02    0000001c                                   : memccpy.c.obj (.text:memccpy)
                  00004f1e    0000001a     grlib.a : display.obj (.text:Graphics_clearDisplayOnDisplay)
                  00004f38    0000001a             : context.obj (.text:Graphics_setBackgroundColor)
                  00004f52    0000001a             : context.obj (.text:Graphics_setFont)
                  00004f6c    0000001a     rtsv7M4_T_le_v4SPD16_eabi.lib : s_copysign.c.obj (.text:copysign)
                  00004f86    00000018                                   : sprintf.c.obj (.text:_outs)
                  00004f9e    00000018                                   : ll_mul_t2.asm.obj (.text)
                  00004fb6    00000016     msp432p4xx_driverlib.lib : spi.o (.text:EUSCI_A_SPI_enable)
                  00004fcc    00000016                              : spi.o (.text:EUSCI_B_SPI_enable)
                  00004fe2    00000016     grlib.a : context.obj (.text:Graphics_setForegroundColor)
                  00004ff8    00000016             : display.obj (.text:Graphics_translateColorOnDisplay)
                  0000500e    00000016     rtsv7M4_T_le_v4SPD16_eabi.lib : strchr.c.obj (.text:strchr)
                  00005024    00000014     msp432p4xx_driverlib.lib : timer32.o (.text:Timer32_clearInterruptFlag)
                  00005038    00000014     project3_main.obj (.text:initialize)
                  0000504c    00000014     rtsv7M4_T_le_v4SPD16_eabi.lib : strlen.c.obj (.text:strlen)
                  00005060    00000012     grlib.a : context.obj (.text:Graphics_clearDisplay)
                  00005072    00000012     rtsv7M4_T_le_v4SPD16_eabi.lib : wcslen.c.obj (.text:wcslen)
                  00005084    00000010     msp432p4xx_driverlib.lib : adc14.o (.text:ADCIsConversionRunning)
                  00005094    00000010                              : interrupt.o (.text:Interrupt_disableMaster)
                  000050a4    00000010                              : interrupt.o (.text:Interrupt_enableMaster)
                  000050b4    00000010     project3_main.obj (.text:sleep)
                  000050c4    0000000e     Joystick.obj (.text:Joystick_isTappedToLeft)
                  000050d2    0000000e     Joystick.obj (.text:Joystick_isTappedToRight)
                  000050e0    0000000e     msp432p4xx_driverlib.lib : timer32.o (.text:Timer32_getValue)
                  000050ee    0000000e     rtsv7M4_T_le_v4SPD16_eabi.lib : copy_decompress_none.c.obj (.text:decompress:none:__TI_decompress_none)
                  000050fc    0000000c     msp432p4xx_driverlib.lib : adc14.o (.text:ADC14_enableModule)
                  00005108    0000000c                              : cpu.o (.text:CPU_cpsid)
                  00005114    0000000c                              : cpu.o (.text:CPU_cpsie)
                  00005120    0000000c     startup_msp432p401r_ccs.obj (.text:Reset_Handler)
                  0000512c    0000000c     LED.obj (.text:Toggle_BLG)
                  00005138    0000000c     LED.obj (.text:TurnOff_BLB)
                  00005144    0000000c     LED.obj (.text:TurnOff_BLG)
                  00005150    0000000c     LED.obj (.text:TurnOff_BLR)
                  0000515c    0000000c     LED.obj (.text:TurnOff_LL1)
                  00005168    0000000c     LED.obj (.text:TurnOff_LLB)
                  00005174    0000000c     LED.obj (.text:TurnOff_LLG)
                  00005180    0000000c     LED.obj (.text:TurnOff_LLR)
                  0000518c    0000000c     LED.obj (.text:TurnOn_LLG)
                  00005198    0000000c     Joystick.obj (.text:startADC)
                  000051a4    0000000a     Crystalfontz128x128_ST7735.obj (.text:Crystalfontz128x128_Flush)
                  000051ae    0000000a     rtsv7M4_T_le_v4SPD16_eabi.lib : sprintf.c.obj (.text:_outc)
                  000051b8    00000008                                   : errno.c.obj (.text:__aeabi_errno_addr)
                  000051c0    00000004     msp432p4xx_driverlib.lib : cpu.o (.text:CPU_wfi)
                  000051c4    00000004     rtsv7M4_T_le_v4SPD16_eabi.lib : pre_init.c.obj (.text:_system_pre_init)
                  000051c8    00000004                                   : exit.c.obj (.text:abort:abort)

.const     0    000051cc    000005c8     
                  000051cc    000002f8     grlib.a : fontfixed6x8.obj (.const:.string:g_pucFontFixed6x8Data)
                  000054c4    00000101     rtsv7M4_T_le_v4SPD16_eabi.lib : ctype.c.obj (.const:.string:_ctypes_)
                  000055c5    00000003     --HOLE-- [fill = 0]
                  000055c8    000000c8     grlib.a : fontfixed6x8.obj (.const:g_sFontFixed6x8)
                  00005690    00000080     msp432p4xx_driverlib.lib : adc14.o (.const:_ctlRegs)
                  00005710    00000030                              : gpio.o (.const:GPIO_PORT_TO_BASE)
                  00005740    00000020     Crystalfontz128x128_ST7735.obj (.const:g_sCrystalfontz128x128_funcs)
                  00005760    0000001c     HAL_MSP_EXP432P401R_Crystalfontz128x128_ST7735.obj (.const:$P$T0$1)
                  0000577c    00000008     Crystalfontz128x128_ST7735.obj (.const:$P$T0$1)
                  00005784    00000008     project3_main.obj (.const:$P$T0$1)
                  0000578c    00000008     msp432p4xx_driverlib.lib : interrupt.o (.const:g_pulEnRegs)

.cinit     0    00005798    00000038     
                  00005798    00000012     (.cinit..data.load) [load image, compression = lzss]
                  000057aa    00000002     --HOLE-- [fill = 0]
                  000057ac    0000000c     (__TI_handler_table)
                  000057b8    00000008     (.cinit..bss.load) [load image, compression = zero_init]
                  000057c0    00000010     (__TI_cinit_table)

.init_array 
*          0    00000000    00000000     UNINITIALIZED

.binit     0    00000000    00000000     

.bss       0    20000000    00000068     UNINITIALIZED
                  20000000    00000010     Button.obj (.bss:debounceTimer$10)
                  20000010    00000010     Button.obj (.bss:debounceTimer$2)
                  20000020    00000010     Button.obj (.bss:debounceTimer$4)
                  20000030    00000010     Button.obj (.bss:debounceTimer$6)
                  20000040    00000010     Button.obj (.bss:debounceTimer$8)
                  20000050    00000008     Timer.obj (.bss)
                  20000058    00000005     Button.obj (.bss)
                  2000005d    00000001     Joystick.obj (.bss)
                  2000005e    00000002     (.common:Lcd_ScreenHeigth)
                  20000060    00000002     (.common:Lcd_ScreenWidth)
                  20000062    00000002     (.common:Lcd_TouchTrim)
                  20000064    00000001     (.common:Lcd_FlagRead)
                  20000065    00000001     (.common:Lcd_FontSolid)
                  20000066    00000001     (.common:Lcd_Orientation)
                  20000067    00000001     (.common:Lcd_PenSolid)

.data      0    20000068    0000001c     UNINITIALIZED
                  20000068    00000010     Crystalfontz128x128_ST7735.obj (.data:g_sCrystalfontz128x128)
                  20000078    00000005     Button.obj (.data)
                  2000007d    00000002     Joystick.obj (.data)
                  2000007f    00000001     --HOLE--
                  20000080    00000004     rtsv7M4_T_le_v4SPD16_eabi.lib : errno.c.obj (.data)

.stack     0    2000fe00    00000200     UNINITIALIZED
                  2000fe00    00000004     rtsv7M4_T_le_v4SPD16_eabi.lib : boot_cortex_m.c.obj (.stack)
                  2000fe04    000001fc     --HOLE--

__llvm_prf_cnts 
*          0    20000000    00000000     UNINITIALIZED

MODULE SUMMARY

       Module                                               code    ro data   rw data
       ------                                               ----    -------   -------
    .\
       project3_main.obj                                    2366    8         0      
       system_msp432p401r.obj                               120     0         0      
    +--+----------------------------------------------------+-------+---------+---------+
       Total:                                               2486    8         0      
                                                                                     
    .\HAL\
       Button.obj                                           864     0         180    
       Timer.obj                                            430     0         16     
       Joystick.obj                                         420     0         6      
       LED.obj                                              196     0         0      
       Graphics.obj                                         72      0         0      
       HAL.obj                                              46      0         0      
    +--+----------------------------------------------------+-------+---------+---------+
       Total:                                               2028    0         202    
                                                                                     
    .\HAL\LcdDriver\
       Crystalfontz128x128_ST7735.obj                       1670    40        52     
       HAL_MSP_EXP432P401R_Crystalfontz128x128_ST7735.obj   212     28        0      
    +--+----------------------------------------------------+-------+---------+---------+
       Total:                                               1882    68        52     
                                                                                     
    .\ccs\
       startup_msp432p401r_ccs.obj                          14      228       0      
    +--+----------------------------------------------------+-------+---------+---------+
       Total:                                               14      228       0      
                                                                                     
    C:/ti/simplelink_msp432p4_sdk_3_40_01_02/source/ti/devices/msp432p4xx/driverlib/ccs/msp432p4xx_driverlib.lib
       adc14.o                                              1244    128       0      
       cs.o                                                 904     0         0      
       gpio.o                                               720     48        0      
       spi.o                                                312     0         0      
       timer32.o                                            246     0         0      
       interrupt.o                                          160     8         0      
       sysctl_a.o                                           148     0         0      
       flash.o                                              72      0         0      
       pcm.o                                                40      0         0      
       wdt_a.o                                              36      0         0      
       cpu.o                                                28      0         0      
    +--+----------------------------------------------------+-------+---------+---------+
       Total:                                               3910    184       0      
                                                                                     
    C:/ti/simplelink_msp432p4_sdk_3_40_01_02/source/ti/grlib/lib/ccs/m4f/grlib.a
       string.obj                                           1214    0         0      
       fontfixed6x8.obj                                     0       960       0      
       circle.obj                                           554     0         0      
       line.obj                                             312     0         0      
       display.obj                                          200     0         0      
       context.obj                                          174     0         0      
       rectangle.obj                                        162     0         0      
    +--+----------------------------------------------------+-------+---------+---------+
       Total:                                               2616    960       0      
                                                                                     
    C:\ti\ccs1000\ccs\tools\compiler\ti-cgt-arm_20.2.0.LTS\lib\rtsv7M4_T_le_v4SPD16_eabi.lib
       _printfi.c.obj                                       4851    0         0      
       fd_add_t2.asm.obj                                    438     0         0      
       fd_div_t2.asm.obj                                    310     0         0      
       s_scalbn.c.obj                                       272     0         0      
       fd_cmp_t2.asm.obj                                    268     0         0      
       ctype.c.obj                                          0       257       0      
       fd_mul_t2.asm.obj                                    252     0         0      
       memcpy_t2.asm.obj                                    156     0         0      
       ull_div_t2.asm.obj                                   150     0         0      
       memset_t2.asm.obj                                    122     0         0      
       copy_decompress_lzss.c.obj                           104     0         0      
       s_frexp.c.obj                                        100     0         0      
       sprintf.c.obj                                        98      0         0      
       _ltoa.c.obj                                          84      0         0      
       atoi.c.obj                                           76      0         0      
       fd_toi_t2.asm.obj                                    72      0         0      
       autoinit.c.obj                                       68      0         0      
       boot_cortex_m.c.obj                                  52      0         0      
       i_tofd_t2.asm.obj                                    46      0         0      
       strcat.c.obj                                         30      0         0      
       copy_zero_init.c.obj                                 28      0         0      
       memccpy.c.obj                                        28      0         0      
       s_copysign.c.obj                                     26      0         0      
       ll_mul_t2.asm.obj                                    24      0         0      
       strchr.c.obj                                         22      0         0      
       strlen.c.obj                                         20      0         0      
       wcslen.c.obj                                         18      0         0      
       errno.c.obj                                          8       0         8      
       copy_decompress_none.c.obj                           14      0         0      
       exit.c.obj                                           4       0         0      
       pre_init.c.obj                                       4       0         0      
       div0.asm.obj                                         2       0         0      
    +--+----------------------------------------------------+-------+---------+---------+
       Total:                                               7747    257       8      
                                                                                     
       Stack:                                               0       0         1024   
       Linker Generated:                                    0       54        0      
    +--+----------------------------------------------------+-------+---------+---------+
       Grand Total:                                         20683   1759      1286   


LINKER GENERATED COPY TABLES

__TI_cinit_table @ 000057c0 records: 2, size/record: 8, table size: 16
	.data: load addr=00005798, load size=00000012 bytes, run addr=20000068, run size=0000001c bytes, compression=lzss
	.bss: load addr=000057b8, load size=00000008 bytes, run addr=20000000, run size=00000068 bytes, compression=zero_init


LINKER GENERATED HANDLER TABLE

__TI_handler_table @ 000057ac records: 3, size/record: 4, table size: 12
	index: 0, handler: __TI_decompress_lzss
	index: 1, handler: __TI_decompress_none
	index: 2, handler: __TI_zero_init


GLOBAL SYMBOLS: SORTED ALPHABETICALLY BY Name 

address   name                                       
-------   ----                                       
00004ad1  ADC14_IRQHandler                           
00004ad1  ADC14_IRQHandler                           
00004985  ADC14_clearInterruptFlag                   
00002ce9  ADC14_configureConversionMemory            
00002d9d  ADC14_configureMultiSequenceMode           
00004c2d  ADC14_enableConversion                     
000049b5  ADC14_enableInterrupt                      
000050fd  ADC14_enableModule                         
00004881  ADC14_enableSampleTimer                    
00004735  ADC14_getEnabledInterruptStatus            
00004afd  ADC14_getInterruptStatus                   
00004c55  ADC14_getResult                            
00004119  ADC14_initModule                           
000049e5  ADC14_setSampleHoldTime                    
00004b29  ADC14_toggleConversionTrigger              
00001623  AES256_IRQHandler                          
00003377  Application_construct                      
00002bf1  Application_handleGameScreen               
00004a15  Application_handleTitleScreen              
00003905  Application_init                           
00002699  Application_loop                           
000027bd  Application_showGameOverScreen             
00003411  Application_showGameScreen                 
00001b49  Application_showInstructionScreen          
000028d5  Application_showTitleScreen                
00001e19  Application_updateGameScreen               
00003d19  BB1tapped                                  
00003d79  BB2tapped                                  
00001623  BusFault_Handler                           
000051c9  C$$EXIT                                    
00001623  COMP_E0_IRQHandler                         
00001623  COMP_E1_IRQHandler                         
00005109  CPU_cpsid                                  
00005115  CPU_cpsie                                  
000051c1  CPU_wfi                                    
00001623  CS_IRQHandler                              
00002319  CS_initClockSignal                         
000048b5  CS_setDCOCenteredFrequency                 
000019ad  CS_setDCOFrequency                         
00003661  CS_tuneDCOFrequency                        
00002449  Crystalfontz128x128_Init                   
000021e5  Crystalfontz128x128_SetDrawFrame           
0000416d  Crystalfontz128x128_SetOrientation         
00001623  DMA_ERR_IRQHandler                         
00001623  DMA_INT0_IRQHandler                        
00001623  DMA_INT1_IRQHandler                        
00001623  DMA_INT2_IRQHandler                        
00001623  DMA_INT3_IRQHandler                        
00001623  DebugMon_Handler                           
00001623  Default_Handler                            
00001623  EUSCIA0_IRQHandler                         
00001623  EUSCIA1_IRQHandler                         
00001623  EUSCIA2_IRQHandler                         
00001623  EUSCIA3_IRQHandler                         
00001623  EUSCIB0_IRQHandler                         
00001623  EUSCIB1_IRQHandler                         
00001623  EUSCIB2_IRQHandler                         
00001623  EUSCIB3_IRQHandler                         
00004fb7  EUSCI_A_SPI_enable                         
00004fcd  EUSCI_B_SPI_enable                         
00001623  FLCTL_IRQHandler                           
00001623  FPU_IRQHandler                             
00004359  FlashCtl_setWaitState                      
000043a1  GFX_construct                              
00004ca5  GPIO_clearInterruptFlag                    
00004ccd  GPIO_enableInterrupt                       
00004dbd  GPIO_getInterruptStatus                    
000046bd  GPIO_interruptEdgeSelect                   
00003fb9  GPIO_setAsInputPinWithPullUpResistor       
000044fd  GPIO_setAsOutputPin                        
000036e9  GPIO_setAsPeripheralModuleFunctionInputPin 
00003771  GPIO_setAsPeripheralModuleFunctionOutputPin
00004cf5  GPIO_setOutputHighOnPin                    
00004d1d  GPIO_setOutputLowOnPin                     
00004d45  GPIO_toggleOutputOnPin                     
00005061  Graphics_clearDisplay                      
00004f1f  Graphics_clearDisplayOnDisplay             
000047dd  Graphics_drawHorizontalLineOnDisplay       
000031a3  Graphics_drawLineH                         
0000323f  Graphics_drawLineV                         
00004b81  Graphics_drawPixelOnDisplay                
00003065  Graphics_drawRectangle                     
00000b33  Graphics_drawString                        
00004813  Graphics_drawVerticalLineOnDisplay         
00001221  Graphics_fillCircle                        
00004269  Graphics_initContext                       
00004f39  Graphics_setBackgroundColor                
00004f53  Graphics_setFont                           
00004fe3  Graphics_setForegroundColor                
00004ff9  Graphics_translateColorOnDisplay           
00004a45  HAL_LCD_PortInit                           
0000457d  HAL_LCD_SpiInit                            
0000476d  HAL_LCD_writeCommand                       
00004bad  HAL_LCD_writeData                          
00004a75  HAL_construct                              
00001623  HardFault_Handler                          
000035d5  InitSystemTiming                           
00005095  Interrupt_disableMaster                    
00003985  Interrupt_enableInterrupt                  
000050a5  Interrupt_enableMaster                     
00003e99  JSBtapped                                  
00004de1  Joystick_construct                         
000050c5  Joystick_isTappedToLeft                    
000050d3  Joystick_isTappedToRight                   
00002f05  Joystick_refresh                           
00003ef9  LB1tapped                                  
00003f59  LB2tapped                                  
20000064  Lcd_FlagRead                               
20000065  Lcd_FontSolid                              
20000066  Lcd_Orientation                            
20000067  Lcd_PenSolid                               
2000005e  Lcd_ScreenHeigth                           
20000060  Lcd_ScreenWidth                            
20000062  Lcd_TouchTrim                              
00001623  MemManage_Handler                          
00001623  NMI_Handler                                
00001623  PCM_IRQHandler                             
00004d6d  PCM_gotoLPM0                               
000045bd  PORT1_IRQHandler                           
000045bd  PORT1_IRQHandler                           
00001623  PORT2_IRQHandler                           
00004e4d  PORT3_IRQHandler                           
00004e4d  PORT3_IRQHandler                           
00004e6d  PORT4_IRQHandler                           
00004e6d  PORT4_IRQHandler                           
00004e8d  PORT5_IRQHandler                           
00004e8d  PORT5_IRQHandler                           
00001623  PORT6_IRQHandler                           
00001623  PSS_IRQHandler                             
00001623  PendSV_Handler                             
00001623  RTC_C_IRQHandler                           
00005121  Reset_Handler                              
00004ecb  SPI_enableModule                           
00002fb5  SPI_initMaster                             
00001623  SVC_Handler                                
000041c1  SWTimer_construct                          
00004011  SWTimer_elapsedCycles                      
00004bd9  SWTimer_expired                            
00004e05  SWTimer_start                              
00003541  SysCtl_A_getTLVInfo                        
00001623  SysTick_Handler                            
00003afd  SystemInit                                 
00004d95  T32_INT1_IRQHandler                        
00004d95  T32_INT1_IRQHandler                        
00001623  T32_INT2_IRQHandler                        
00001623  T32_INTC_IRQHandler                        
00001623  TA0_0_IRQHandler                           
00001623  TA0_N_IRQHandler                           
00001623  TA1_0_IRQHandler                           
00001623  TA1_N_IRQHandler                           
00001623  TA2_0_IRQHandler                           
00001623  TA2_N_IRQHandler                           
00001623  TA3_0_IRQHandler                           
00001623  TA3_N_IRQHandler                           
00005025  Timer32_clearInterruptFlag                 
000050e1  Timer32_getValue                           
00003be5  Timer32_initModule                         
000048e9  Timer32_setCount                           
000047a5  Timer32_startTimer                         
0000512d  Toggle_BLG                                 
00005139  TurnOff_BLB                                
00005145  TurnOff_BLG                                
00005151  TurnOff_BLR                                
0000515d  TurnOff_LL1                                
00005169  TurnOff_LLB                                
00005175  TurnOff_LLG                                
00005181  TurnOff_LLR                                
0000518d  TurnOn_LLG                                 
00001623  UsageFault_Handler                         
4000480c  WDTCTL_SYM                                 
00001623  WDT_A_IRQHandler                           
00004e29  WDT_A_holdTimer                            
20010000  __STACK_END                                
00000200  __STACK_SIZE                               
000057c0  __TI_CINIT_Base                            
000057d0  __TI_CINIT_Limit                           
000057ac  __TI_Handler_Table_Base                    
000057b8  __TI_Handler_Table_Limit                   
00004479  __TI_auto_init_nobinit_nopinit             
00003c4d  __TI_decompress_lzss                       
000050ef  __TI_decompress_none                       
00004215  __TI_ltoa                                  
ffffffff  __TI_pprof_out_hndl                        
000000e5  __TI_printfi                               
ffffffff  __TI_prof_data_size                        
ffffffff  __TI_prof_data_start                       
00000000  __TI_static_base__                         
00004ee7  __TI_zero_init_nomemset                    
000037f9  __aeabi_cdcmpeq                            
000037f9  __aeabi_cdcmple                            
0000387f  __aeabi_cdrcmple                           
000043e9  __aeabi_d2iz                               
000017ff  __aeabi_dadd                               
000020ad  __aeabi_ddiv                               
00002af5  __aeabi_dmul                               
000017f5  __aeabi_dsub                               
000051b9  __aeabi_errno_addr                         
00004aa3  __aeabi_i2d                                
000019ab  __aeabi_idiv0                              
000019ab  __aeabi_ldiv0                              
00004f9f  __aeabi_lmul                               
00003a81  __aeabi_memclr                             
00003a81  __aeabi_memclr4                            
00003a81  __aeabi_memclr8                            
000032db  __aeabi_memcpy                             
000032db  __aeabi_memcpy4                            
000032db  __aeabi_memcpy8                            
00003a83  __aeabi_memset                             
00003a83  __aeabi_memset4                            
00003a83  __aeabi_memset8                            
000034a9  __aeabi_uldivmod                           
ffffffff  __binit__                                  
ffffffff  __c_args__                                 
UNDEFED   __mpu_init                                 
2000fe00  __stack                                    
20000000  __start___llvm_prf_cnts                    
20000000  __stop___llvm_prf_cnts                     
0000491d  _c_int00_noargs                            
000054c4  _ctypes_                                   
UNDEFED   _system_post_cinit                         
000051c5  _system_pre_init                           
000051c9  abort                                      
0000430d  atoi                                       
ffffffff  binit                                      
00004f6d  copysign                                   
00004f6d  copysignl                                  
20000080  errno                                      
00003cb5  frexp                                      
00003cb5  frexpl                                     
20000068  g_sCrystalfontz128x128                     
00005740  g_sCrystalfontz128x128_funcs               
000055c8  g_sFontFixed6x8                            
00004849  initADC                                    
00004c03  initButton                                 
00003a05  initButtons                                
00004431  initJoyStick                               
00004069  initLEDs                                   
00005039  initialize                                 
00000000  interruptVectors                           
000029e5  ldexp                                      
000029e5  ldexpl                                     
00004951  main                                       
00004f03  memccpy                                    
000032db  memcpy                                     
00003a89  memset                                     
000029e5  scalbn                                     
000029e5  scalbnl                                    
000050b5  sleep                                      
0000463d  sprintf                                    
00005199  startADC                                   
00004ead  strcat                                     
0000500f  strchr                                     
0000504d  strlen                                     
000046f9  updateButtons                              
00005073  wcslen                                     


GLOBAL SYMBOLS: SORTED BY Symbol Address 

address   name                                       
-------   ----                                       
00000000  __TI_static_base__                         
00000000  interruptVectors                           
000000e5  __TI_printfi                               
00000200  __STACK_SIZE                               
00000b33  Graphics_drawString                        
00001221  Graphics_fillCircle                        
00001623  AES256_IRQHandler                          
00001623  BusFault_Handler                           
00001623  COMP_E0_IRQHandler                         
00001623  COMP_E1_IRQHandler                         
00001623  CS_IRQHandler                              
00001623  DMA_ERR_IRQHandler                         
00001623  DMA_INT0_IRQHandler                        
00001623  DMA_INT1_IRQHandler                        
00001623  DMA_INT2_IRQHandler                        
00001623  DMA_INT3_IRQHandler                        
00001623  DebugMon_Handler                           
00001623  Default_Handler                            
00001623  EUSCIA0_IRQHandler                         
00001623  EUSCIA1_IRQHandler                         
00001623  EUSCIA2_IRQHandler                         
00001623  EUSCIA3_IRQHandler                         
00001623  EUSCIB0_IRQHandler                         
00001623  EUSCIB1_IRQHandler                         
00001623  EUSCIB2_IRQHandler                         
00001623  EUSCIB3_IRQHandler                         
00001623  FLCTL_IRQHandler                           
00001623  FPU_IRQHandler                             
00001623  HardFault_Handler                          
00001623  MemManage_Handler                          
00001623  NMI_Handler                                
00001623  PCM_IRQHandler                             
00001623  PORT2_IRQHandler                           
00001623  PORT6_IRQHandler                           
00001623  PSS_IRQHandler                             
00001623  PendSV_Handler                             
00001623  RTC_C_IRQHandler                           
00001623  SVC_Handler                                
00001623  SysTick_Handler                            
00001623  T32_INT2_IRQHandler                        
00001623  T32_INTC_IRQHandler                        
00001623  TA0_0_IRQHandler                           
00001623  TA0_N_IRQHandler                           
00001623  TA1_0_IRQHandler                           
00001623  TA1_N_IRQHandler                           
00001623  TA2_0_IRQHandler                           
00001623  TA2_N_IRQHandler                           
00001623  TA3_0_IRQHandler                           
00001623  TA3_N_IRQHandler                           
00001623  UsageFault_Handler                         
00001623  WDT_A_IRQHandler                           
000017f5  __aeabi_dsub                               
000017ff  __aeabi_dadd                               
000019ab  __aeabi_idiv0                              
000019ab  __aeabi_ldiv0                              
000019ad  CS_setDCOFrequency                         
00001b49  Application_showInstructionScreen          
00001e19  Application_updateGameScreen               
000020ad  __aeabi_ddiv                               
000021e5  Crystalfontz128x128_SetDrawFrame           
00002319  CS_initClockSignal                         
00002449  Crystalfontz128x128_Init                   
00002699  Application_loop                           
000027bd  Application_showGameOverScreen             
000028d5  Application_showTitleScreen                
000029e5  ldexp                                      
000029e5  ldexpl                                     
000029e5  scalbn                                     
000029e5  scalbnl                                    
00002af5  __aeabi_dmul                               
00002bf1  Application_handleGameScreen               
00002ce9  ADC14_configureConversionMemory            
00002d9d  ADC14_configureMultiSequenceMode           
00002f05  Joystick_refresh                           
00002fb5  SPI_initMaster                             
00003065  Graphics_drawRectangle                     
000031a3  Graphics_drawLineH                         
0000323f  Graphics_drawLineV                         
000032db  __aeabi_memcpy                             
000032db  __aeabi_memcpy4                            
000032db  __aeabi_memcpy8                            
000032db  memcpy                                     
00003377  Application_construct                      
00003411  Application_showGameScreen                 
000034a9  __aeabi_uldivmod                           
00003541  SysCtl_A_getTLVInfo                        
000035d5  InitSystemTiming                           
00003661  CS_tuneDCOFrequency                        
000036e9  GPIO_setAsPeripheralModuleFunctionInputPin 
00003771  GPIO_setAsPeripheralModuleFunctionOutputPin
000037f9  __aeabi_cdcmpeq                            
000037f9  __aeabi_cdcmple                            
0000387f  __aeabi_cdrcmple                           
00003905  Application_init                           
00003985  Interrupt_enableInterrupt                  
00003a05  initButtons                                
00003a81  __aeabi_memclr                             
00003a81  __aeabi_memclr4                            
00003a81  __aeabi_memclr8                            
00003a83  __aeabi_memset                             
00003a83  __aeabi_memset4                            
00003a83  __aeabi_memset8                            
00003a89  memset                                     
00003afd  SystemInit                                 
00003be5  Timer32_initModule                         
00003c4d  __TI_decompress_lzss                       
00003cb5  frexp                                      
00003cb5  frexpl                                     
00003d19  BB1tapped                                  
00003d79  BB2tapped                                  
00003e99  JSBtapped                                  
00003ef9  LB1tapped                                  
00003f59  LB2tapped                                  
00003fb9  GPIO_setAsInputPinWithPullUpResistor       
00004011  SWTimer_elapsedCycles                      
00004069  initLEDs                                   
00004119  ADC14_initModule                           
0000416d  Crystalfontz128x128_SetOrientation         
000041c1  SWTimer_construct                          
00004215  __TI_ltoa                                  
00004269  Graphics_initContext                       
0000430d  atoi                                       
00004359  FlashCtl_setWaitState                      
000043a1  GFX_construct                              
000043e9  __aeabi_d2iz                               
00004431  initJoyStick                               
00004479  __TI_auto_init_nobinit_nopinit             
000044fd  GPIO_setAsOutputPin                        
0000457d  HAL_LCD_SpiInit                            
000045bd  PORT1_IRQHandler                           
000045bd  PORT1_IRQHandler                           
0000463d  sprintf                                    
000046bd  GPIO_interruptEdgeSelect                   
000046f9  updateButtons                              
00004735  ADC14_getEnabledInterruptStatus            
0000476d  HAL_LCD_writeCommand                       
000047a5  Timer32_startTimer                         
000047dd  Graphics_drawHorizontalLineOnDisplay       
00004813  Graphics_drawVerticalLineOnDisplay         
00004849  initADC                                    
00004881  ADC14_enableSampleTimer                    
000048b5  CS_setDCOCenteredFrequency                 
000048e9  Timer32_setCount                           
0000491d  _c_int00_noargs                            
00004951  main                                       
00004985  ADC14_clearInterruptFlag                   
000049b5  ADC14_enableInterrupt                      
000049e5  ADC14_setSampleHoldTime                    
00004a15  Application_handleTitleScreen              
00004a45  HAL_LCD_PortInit                           
00004a75  HAL_construct                              
00004aa3  __aeabi_i2d                                
00004ad1  ADC14_IRQHandler                           
00004ad1  ADC14_IRQHandler                           
00004afd  ADC14_getInterruptStatus                   
00004b29  ADC14_toggleConversionTrigger              
00004b81  Graphics_drawPixelOnDisplay                
00004bad  HAL_LCD_writeData                          
00004bd9  SWTimer_expired                            
00004c03  initButton                                 
00004c2d  ADC14_enableConversion                     
00004c55  ADC14_getResult                            
00004ca5  GPIO_clearInterruptFlag                    
00004ccd  GPIO_enableInterrupt                       
00004cf5  GPIO_setOutputHighOnPin                    
00004d1d  GPIO_setOutputLowOnPin                     
00004d45  GPIO_toggleOutputOnPin                     
00004d6d  PCM_gotoLPM0                               
00004d95  T32_INT1_IRQHandler                        
00004d95  T32_INT1_IRQHandler                        
00004dbd  GPIO_getInterruptStatus                    
00004de1  Joystick_construct                         
00004e05  SWTimer_start                              
00004e29  WDT_A_holdTimer                            
00004e4d  PORT3_IRQHandler                           
00004e4d  PORT3_IRQHandler                           
00004e6d  PORT4_IRQHandler                           
00004e6d  PORT4_IRQHandler                           
00004e8d  PORT5_IRQHandler                           
00004e8d  PORT5_IRQHandler                           
00004ead  strcat                                     
00004ecb  SPI_enableModule                           
00004ee7  __TI_zero_init_nomemset                    
00004f03  memccpy                                    
00004f1f  Graphics_clearDisplayOnDisplay             
00004f39  Graphics_setBackgroundColor                
00004f53  Graphics_setFont                           
00004f6d  copysign                                   
00004f6d  copysignl                                  
00004f9f  __aeabi_lmul                               
00004fb7  EUSCI_A_SPI_enable                         
00004fcd  EUSCI_B_SPI_enable                         
00004fe3  Graphics_setForegroundColor                
00004ff9  Graphics_translateColorOnDisplay           
0000500f  strchr                                     
00005025  Timer32_clearInterruptFlag                 
00005039  initialize                                 
0000504d  strlen                                     
00005061  Graphics_clearDisplay                      
00005073  wcslen                                     
00005095  Interrupt_disableMaster                    
000050a5  Interrupt_enableMaster                     
000050b5  sleep                                      
000050c5  Joystick_isTappedToLeft                    
000050d3  Joystick_isTappedToRight                   
000050e1  Timer32_getValue                           
000050ef  __TI_decompress_none                       
000050fd  ADC14_enableModule                         
00005109  CPU_cpsid                                  
00005115  CPU_cpsie                                  
00005121  Reset_Handler                              
0000512d  Toggle_BLG                                 
00005139  TurnOff_BLB                                
00005145  TurnOff_BLG                                
00005151  TurnOff_BLR                                
0000515d  TurnOff_LL1                                
00005169  TurnOff_LLB                                
00005175  TurnOff_LLG                                
00005181  TurnOff_LLR                                
0000518d  TurnOn_LLG                                 
00005199  startADC                                   
000051b9  __aeabi_errno_addr                         
000051c1  CPU_wfi                                    
000051c5  _system_pre_init                           
000051c9  C$$EXIT                                    
000051c9  abort                                      
000054c4  _ctypes_                                   
000055c8  g_sFontFixed6x8                            
00005740  g_sCrystalfontz128x128_funcs               
000057ac  __TI_Handler_Table_Base                    
000057b8  __TI_Handler_Table_Limit                   
000057c0  __TI_CINIT_Base                            
000057d0  __TI_CINIT_Limit                           
20000000  __start___llvm_prf_cnts                    
20000000  __stop___llvm_prf_cnts                     
2000005e  Lcd_ScreenHeigth                           
20000060  Lcd_ScreenWidth                            
20000062  Lcd_TouchTrim                              
20000064  Lcd_FlagRead                               
20000065  Lcd_FontSolid                              
20000066  Lcd_Orientation                            
20000067  Lcd_PenSolid                               
20000068  g_sCrystalfontz128x128                     
20000080  errno                                      
2000fe00  __stack                                    
20010000  __STACK_END                                
4000480c  WDTCTL_SYM                                 
ffffffff  __TI_pprof_out_hndl                        
ffffffff  __TI_prof_data_size                        
ffffffff  __TI_prof_data_start                       
ffffffff  __binit__                                  
ffffffff  __c_args__                                 
ffffffff  binit                                      
UNDEFED   __mpu_init                                 
UNDEFED   _system_post_cinit                         

[255 symbols]
