<?xml version="1.0" encoding="ISO-8859-1" ?>
<link_info>
   <banner>TI ARM Linker PC v20.2.0.LTS</banner>
   <copyright>Copyright (c) 1996-2018 Texas Instruments Incorporated</copyright>
   <link_time>0x649d3057</link_time>
   <link_errors>0x0</link_errors>
   <output_file>S23_Proj3.out</output_file>
   <entry_point>
      <name>_c_int00_noargs</name>
      <address>0x491d</address>
   </entry_point>
   <input_file_list>
      <input_file id="fl-2">
         <path>.\</path>
         <kind>object</kind>
         <file>project3_main.obj</file>
         <name>project3_main.obj</name>
      </input_file>
      <input_file id="fl-3">
         <path>.\</path>
         <kind>object</kind>
         <file>system_msp432p401r.obj</file>
         <name>system_msp432p401r.obj</name>
      </input_file>
      <input_file id="fl-4">
         <path>.\HAL\</path>
         <kind>object</kind>
         <file>Button.obj</file>
         <name>Button.obj</name>
      </input_file>
      <input_file id="fl-5">
         <path>.\HAL\</path>
         <kind>object</kind>
         <file>Graphics.obj</file>
         <name>Graphics.obj</name>
      </input_file>
      <input_file id="fl-6">
         <path>.\HAL\</path>
         <kind>object</kind>
         <file>HAL.obj</file>
         <name>HAL.obj</name>
      </input_file>
      <input_file id="fl-7">
         <path>.\HAL\</path>
         <kind>object</kind>
         <file>Joystick.obj</file>
         <name>Joystick.obj</name>
      </input_file>
      <input_file id="fl-8">
         <path>.\HAL\</path>
         <kind>object</kind>
         <file>LED.obj</file>
         <name>LED.obj</name>
      </input_file>
      <input_file id="fl-9">
         <path>.\HAL\</path>
         <kind>object</kind>
         <file>Timer.obj</file>
         <name>Timer.obj</name>
      </input_file>
      <input_file id="fl-a">
         <path>.\HAL\LcdDriver\</path>
         <kind>object</kind>
         <file>Crystalfontz128x128_ST7735.obj</file>
         <name>Crystalfontz128x128_ST7735.obj</name>
      </input_file>
      <input_file id="fl-b">
         <path>.\HAL\LcdDriver\</path>
         <kind>object</kind>
         <file>HAL_MSP_EXP432P401R_Crystalfontz128x128_ST7735.obj</file>
         <name>HAL_MSP_EXP432P401R_Crystalfontz128x128_ST7735.obj</name>
      </input_file>
      <input_file id="fl-c">
         <path>.\ccs\</path>
         <kind>object</kind>
         <file>startup_msp432p401r_ccs.obj</file>
         <name>startup_msp432p401r_ccs.obj</name>
      </input_file>
      <input_file id="fl-17">
         <kind>object</kind>
         <file>&lt;internal&gt;</file>
         <name>&lt;internal&gt;</name>
      </input_file>
      <input_file id="fl-18">
         <path>C:\ti\simplelink_msp432p4_sdk_3_40_01_02\source\ti\grlib\lib\ccs\m4f\</path>
         <kind>archive</kind>
         <file>grlib.a</file>
         <name>circle.obj</name>
      </input_file>
      <input_file id="fl-19">
         <path>C:\ti\simplelink_msp432p4_sdk_3_40_01_02\source\ti\grlib\lib\ccs\m4f\</path>
         <kind>archive</kind>
         <file>grlib.a</file>
         <name>context.obj</name>
      </input_file>
      <input_file id="fl-1a">
         <path>C:\ti\simplelink_msp432p4_sdk_3_40_01_02\source\ti\grlib\lib\ccs\m4f\</path>
         <kind>archive</kind>
         <file>grlib.a</file>
         <name>display.obj</name>
      </input_file>
      <input_file id="fl-1b">
         <path>C:\ti\simplelink_msp432p4_sdk_3_40_01_02\source\ti\grlib\lib\ccs\m4f\</path>
         <kind>archive</kind>
         <file>grlib.a</file>
         <name>fontfixed6x8.obj</name>
      </input_file>
      <input_file id="fl-1c">
         <path>C:\ti\simplelink_msp432p4_sdk_3_40_01_02\source\ti\grlib\lib\ccs\m4f\</path>
         <kind>archive</kind>
         <file>grlib.a</file>
         <name>line.obj</name>
      </input_file>
      <input_file id="fl-1d">
         <path>C:\ti\simplelink_msp432p4_sdk_3_40_01_02\source\ti\grlib\lib\ccs\m4f\</path>
         <kind>archive</kind>
         <file>grlib.a</file>
         <name>rectangle.obj</name>
      </input_file>
      <input_file id="fl-1e">
         <path>C:\ti\simplelink_msp432p4_sdk_3_40_01_02\source\ti\grlib\lib\ccs\m4f\</path>
         <kind>archive</kind>
         <file>grlib.a</file>
         <name>string.obj</name>
      </input_file>
      <input_file id="fl-1f">
         <path>C:\ti\simplelink_msp432p4_sdk_3_40_01_02\source\ti\devices\msp432p4xx\driverlib\ccs\</path>
         <kind>archive</kind>
         <file>msp432p4xx_driverlib.lib</file>
         <name>adc14.o</name>
      </input_file>
      <input_file id="fl-20">
         <path>C:\ti\simplelink_msp432p4_sdk_3_40_01_02\source\ti\devices\msp432p4xx\driverlib\ccs\</path>
         <kind>archive</kind>
         <file>msp432p4xx_driverlib.lib</file>
         <name>cs.o</name>
      </input_file>
      <input_file id="fl-21">
         <path>C:\ti\simplelink_msp432p4_sdk_3_40_01_02\source\ti\devices\msp432p4xx\driverlib\ccs\</path>
         <kind>archive</kind>
         <file>msp432p4xx_driverlib.lib</file>
         <name>flash.o</name>
      </input_file>
      <input_file id="fl-22">
         <path>C:\ti\simplelink_msp432p4_sdk_3_40_01_02\source\ti\devices\msp432p4xx\driverlib\ccs\</path>
         <kind>archive</kind>
         <file>msp432p4xx_driverlib.lib</file>
         <name>gpio.o</name>
      </input_file>
      <input_file id="fl-23">
         <path>C:\ti\simplelink_msp432p4_sdk_3_40_01_02\source\ti\devices\msp432p4xx\driverlib\ccs\</path>
         <kind>archive</kind>
         <file>msp432p4xx_driverlib.lib</file>
         <name>interrupt.o</name>
      </input_file>
      <input_file id="fl-24">
         <path>C:\ti\simplelink_msp432p4_sdk_3_40_01_02\source\ti\devices\msp432p4xx\driverlib\ccs\</path>
         <kind>archive</kind>
         <file>msp432p4xx_driverlib.lib</file>
         <name>pcm.o</name>
      </input_file>
      <input_file id="fl-25">
         <path>C:\ti\simplelink_msp432p4_sdk_3_40_01_02\source\ti\devices\msp432p4xx\driverlib\ccs\</path>
         <kind>archive</kind>
         <file>msp432p4xx_driverlib.lib</file>
         <name>rtc_c.o</name>
      </input_file>
      <input_file id="fl-26">
         <path>C:\ti\simplelink_msp432p4_sdk_3_40_01_02\source\ti\devices\msp432p4xx\driverlib\ccs\</path>
         <kind>archive</kind>
         <file>msp432p4xx_driverlib.lib</file>
         <name>spi.o</name>
      </input_file>
      <input_file id="fl-27">
         <path>C:\ti\simplelink_msp432p4_sdk_3_40_01_02\source\ti\devices\msp432p4xx\driverlib\ccs\</path>
         <kind>archive</kind>
         <file>msp432p4xx_driverlib.lib</file>
         <name>sysctl.o</name>
      </input_file>
      <input_file id="fl-28">
         <path>C:\ti\simplelink_msp432p4_sdk_3_40_01_02\source\ti\devices\msp432p4xx\driverlib\ccs\</path>
         <kind>archive</kind>
         <file>msp432p4xx_driverlib.lib</file>
         <name>sysctl_a.o</name>
      </input_file>
      <input_file id="fl-29">
         <path>C:\ti\simplelink_msp432p4_sdk_3_40_01_02\source\ti\devices\msp432p4xx\driverlib\ccs\</path>
         <kind>archive</kind>
         <file>msp432p4xx_driverlib.lib</file>
         <name>timer32.o</name>
      </input_file>
      <input_file id="fl-2a">
         <path>C:\ti\simplelink_msp432p4_sdk_3_40_01_02\source\ti\devices\msp432p4xx\driverlib\ccs\</path>
         <kind>archive</kind>
         <file>msp432p4xx_driverlib.lib</file>
         <name>wdt_a.o</name>
      </input_file>
      <input_file id="fl-2b">
         <path>C:\ti\simplelink_msp432p4_sdk_3_40_01_02\source\ti\devices\msp432p4xx\driverlib\ccs\</path>
         <kind>archive</kind>
         <file>msp432p4xx_driverlib.lib</file>
         <name>cpu.o</name>
      </input_file>
      <input_file id="fl-e1">
         <path>C:\ti\ccs1000\ccs\tools\compiler\ti-cgt-arm_20.2.0.LTS\lib\</path>
         <kind>archive</kind>
         <file>rtsv7M4_T_le_v4SPD16_eabi.lib</file>
         <name>sprintf.c.obj</name>
      </input_file>
      <input_file id="fl-e2">
         <path>C:\ti\ccs1000\ccs\tools\compiler\ti-cgt-arm_20.2.0.LTS\lib\</path>
         <kind>archive</kind>
         <file>rtsv7M4_T_le_v4SPD16_eabi.lib</file>
         <name>ll_mul_t2.asm.obj</name>
      </input_file>
      <input_file id="fl-e3">
         <path>C:\ti\ccs1000\ccs\tools\compiler\ti-cgt-arm_20.2.0.LTS\lib\</path>
         <kind>archive</kind>
         <file>rtsv7M4_T_le_v4SPD16_eabi.lib</file>
         <name>memcpy_t2.asm.obj</name>
      </input_file>
      <input_file id="fl-e4">
         <path>C:\ti\ccs1000\ccs\tools\compiler\ti-cgt-arm_20.2.0.LTS\lib\</path>
         <kind>archive</kind>
         <file>rtsv7M4_T_le_v4SPD16_eabi.lib</file>
         <name>memset_t2.asm.obj</name>
      </input_file>
      <input_file id="fl-e5">
         <path>C:\ti\ccs1000\ccs\tools\compiler\ti-cgt-arm_20.2.0.LTS\lib\</path>
         <kind>archive</kind>
         <file>rtsv7M4_T_le_v4SPD16_eabi.lib</file>
         <name>ull_div_t2.asm.obj</name>
      </input_file>
      <input_file id="fl-e6">
         <path>C:\ti\ccs1000\ccs\tools\compiler\ti-cgt-arm_20.2.0.LTS\lib\</path>
         <kind>archive</kind>
         <file>rtsv7M4_T_le_v4SPD16_eabi.lib</file>
         <name>copy_zero_init.c.obj</name>
      </input_file>
      <input_file id="fl-e7">
         <path>C:\ti\ccs1000\ccs\tools\compiler\ti-cgt-arm_20.2.0.LTS\lib\</path>
         <kind>archive</kind>
         <file>rtsv7M4_T_le_v4SPD16_eabi.lib</file>
         <name>copy_decompress_none.c.obj</name>
      </input_file>
      <input_file id="fl-e8">
         <path>C:\ti\ccs1000\ccs\tools\compiler\ti-cgt-arm_20.2.0.LTS\lib\</path>
         <kind>archive</kind>
         <file>rtsv7M4_T_le_v4SPD16_eabi.lib</file>
         <name>copy_decompress_lzss.c.obj</name>
      </input_file>
      <input_file id="fl-e9">
         <path>C:\ti\ccs1000\ccs\tools\compiler\ti-cgt-arm_20.2.0.LTS\lib\</path>
         <kind>archive</kind>
         <file>rtsv7M4_T_le_v4SPD16_eabi.lib</file>
         <name>strcat.c.obj</name>
      </input_file>
      <input_file id="fl-ea">
         <path>C:\ti\ccs1000\ccs\tools\compiler\ti-cgt-arm_20.2.0.LTS\lib\</path>
         <kind>archive</kind>
         <file>rtsv7M4_T_le_v4SPD16_eabi.lib</file>
         <name>boot_cortex_m.c.obj</name>
      </input_file>
      <input_file id="fl-eb">
         <path>C:\ti\ccs1000\ccs\tools\compiler\ti-cgt-arm_20.2.0.LTS\lib\</path>
         <kind>archive</kind>
         <file>rtsv7M4_T_le_v4SPD16_eabi.lib</file>
         <name>_printfi.c.obj</name>
      </input_file>
      <input_file id="fl-ec">
         <path>C:\ti\ccs1000\ccs\tools\compiler\ti-cgt-arm_20.2.0.LTS\lib\</path>
         <kind>archive</kind>
         <file>rtsv7M4_T_le_v4SPD16_eabi.lib</file>
         <name>div0.asm.obj</name>
      </input_file>
      <input_file id="fl-ed">
         <path>C:\ti\ccs1000\ccs\tools\compiler\ti-cgt-arm_20.2.0.LTS\lib\</path>
         <kind>archive</kind>
         <file>rtsv7M4_T_le_v4SPD16_eabi.lib</file>
         <name>fd_add_t2.asm.obj</name>
      </input_file>
      <input_file id="fl-ee">
         <path>C:\ti\ccs1000\ccs\tools\compiler\ti-cgt-arm_20.2.0.LTS\lib\</path>
         <kind>archive</kind>
         <file>rtsv7M4_T_le_v4SPD16_eabi.lib</file>
         <name>fd_cmp_t2.asm.obj</name>
      </input_file>
      <input_file id="fl-ef">
         <path>C:\ti\ccs1000\ccs\tools\compiler\ti-cgt-arm_20.2.0.LTS\lib\</path>
         <kind>archive</kind>
         <file>rtsv7M4_T_le_v4SPD16_eabi.lib</file>
         <name>fd_div_t2.asm.obj</name>
      </input_file>
      <input_file id="fl-f0">
         <path>C:\ti\ccs1000\ccs\tools\compiler\ti-cgt-arm_20.2.0.LTS\lib\</path>
         <kind>archive</kind>
         <file>rtsv7M4_T_le_v4SPD16_eabi.lib</file>
         <name>fd_mul_t2.asm.obj</name>
      </input_file>
      <input_file id="fl-f1">
         <path>C:\ti\ccs1000\ccs\tools\compiler\ti-cgt-arm_20.2.0.LTS\lib\</path>
         <kind>archive</kind>
         <file>rtsv7M4_T_le_v4SPD16_eabi.lib</file>
         <name>fd_toi_t2.asm.obj</name>
      </input_file>
      <input_file id="fl-f2">
         <path>C:\ti\ccs1000\ccs\tools\compiler\ti-cgt-arm_20.2.0.LTS\lib\</path>
         <kind>archive</kind>
         <file>rtsv7M4_T_le_v4SPD16_eabi.lib</file>
         <name>i_tofd_t2.asm.obj</name>
      </input_file>
      <input_file id="fl-f3">
         <path>C:\ti\ccs1000\ccs\tools\compiler\ti-cgt-arm_20.2.0.LTS\lib\</path>
         <kind>archive</kind>
         <file>rtsv7M4_T_le_v4SPD16_eabi.lib</file>
         <name>autoinit.c.obj</name>
      </input_file>
      <input_file id="fl-f4">
         <path>C:\ti\ccs1000\ccs\tools\compiler\ti-cgt-arm_20.2.0.LTS\lib\</path>
         <kind>archive</kind>
         <file>rtsv7M4_T_le_v4SPD16_eabi.lib</file>
         <name>pre_init.c.obj</name>
      </input_file>
      <input_file id="fl-f5">
         <path>C:\ti\ccs1000\ccs\tools\compiler\ti-cgt-arm_20.2.0.LTS\lib\</path>
         <kind>archive</kind>
         <file>rtsv7M4_T_le_v4SPD16_eabi.lib</file>
         <name>cpy_tbl.c.obj</name>
      </input_file>
      <input_file id="fl-f6">
         <path>C:\ti\ccs1000\ccs\tools\compiler\ti-cgt-arm_20.2.0.LTS\lib\</path>
         <kind>archive</kind>
         <file>rtsv7M4_T_le_v4SPD16_eabi.lib</file>
         <name>exit.c.obj</name>
      </input_file>
      <input_file id="fl-f7">
         <path>C:\ti\ccs1000\ccs\tools\compiler\ti-cgt-arm_20.2.0.LTS\lib\</path>
         <kind>archive</kind>
         <file>rtsv7M4_T_le_v4SPD16_eabi.lib</file>
         <name>_lock.c.obj</name>
      </input_file>
      <input_file id="fl-f8">
         <path>C:\ti\ccs1000\ccs\tools\compiler\ti-cgt-arm_20.2.0.LTS\lib\</path>
         <kind>archive</kind>
         <file>rtsv7M4_T_le_v4SPD16_eabi.lib</file>
         <name>_ltoa.c.obj</name>
      </input_file>
      <input_file id="fl-f9">
         <path>C:\ti\ccs1000\ccs\tools\compiler\ti-cgt-arm_20.2.0.LTS\lib\</path>
         <kind>archive</kind>
         <file>rtsv7M4_T_le_v4SPD16_eabi.lib</file>
         <name>args_main.c.obj</name>
      </input_file>
      <input_file id="fl-fa">
         <path>C:\ti\ccs1000\ccs\tools\compiler\ti-cgt-arm_20.2.0.LTS\lib\</path>
         <kind>archive</kind>
         <file>rtsv7M4_T_le_v4SPD16_eabi.lib</file>
         <name>atoi.c.obj</name>
      </input_file>
      <input_file id="fl-fb">
         <path>C:\ti\ccs1000\ccs\tools\compiler\ti-cgt-arm_20.2.0.LTS\lib\</path>
         <kind>archive</kind>
         <file>rtsv7M4_T_le_v4SPD16_eabi.lib</file>
         <name>ctype.c.obj</name>
      </input_file>
      <input_file id="fl-fc">
         <path>C:\ti\ccs1000\ccs\tools\compiler\ti-cgt-arm_20.2.0.LTS\lib\</path>
         <kind>archive</kind>
         <file>rtsv7M4_T_le_v4SPD16_eabi.lib</file>
         <name>memccpy.c.obj</name>
      </input_file>
      <input_file id="fl-fd">
         <path>C:\ti\ccs1000\ccs\tools\compiler\ti-cgt-arm_20.2.0.LTS\lib\</path>
         <kind>archive</kind>
         <file>rtsv7M4_T_le_v4SPD16_eabi.lib</file>
         <name>strchr.c.obj</name>
      </input_file>
      <input_file id="fl-fe">
         <path>C:\ti\ccs1000\ccs\tools\compiler\ti-cgt-arm_20.2.0.LTS\lib\</path>
         <kind>archive</kind>
         <file>rtsv7M4_T_le_v4SPD16_eabi.lib</file>
         <name>strlen.c.obj</name>
      </input_file>
      <input_file id="fl-ff">
         <path>C:\ti\ccs1000\ccs\tools\compiler\ti-cgt-arm_20.2.0.LTS\lib\</path>
         <kind>archive</kind>
         <file>rtsv7M4_T_le_v4SPD16_eabi.lib</file>
         <name>errno.c.obj</name>
      </input_file>
      <input_file id="fl-100">
         <path>C:\ti\ccs1000\ccs\tools\compiler\ti-cgt-arm_20.2.0.LTS\lib\</path>
         <kind>archive</kind>
         <file>rtsv7M4_T_le_v4SPD16_eabi.lib</file>
         <name>s_frexp.c.obj</name>
      </input_file>
      <input_file id="fl-101">
         <path>C:\ti\ccs1000\ccs\tools\compiler\ti-cgt-arm_20.2.0.LTS\lib\</path>
         <kind>archive</kind>
         <file>rtsv7M4_T_le_v4SPD16_eabi.lib</file>
         <name>s_scalbn.c.obj</name>
      </input_file>
      <input_file id="fl-102">
         <path>C:\ti\ccs1000\ccs\tools\compiler\ti-cgt-arm_20.2.0.LTS\lib\</path>
         <kind>archive</kind>
         <file>rtsv7M4_T_le_v4SPD16_eabi.lib</file>
         <name>s_copysign.c.obj</name>
      </input_file>
      <input_file id="fl-103">
         <path>C:\ti\ccs1000\ccs\tools\compiler\ti-cgt-arm_20.2.0.LTS\lib\</path>
         <kind>archive</kind>
         <file>rtsv7M4_T_le_v4SPD16_eabi.lib</file>
         <name>wcslen.c.obj</name>
      </input_file>
   </input_file_list>
   <object_component_list>
      <object_component id="oc-26">
         <name>.intvecs:retain</name>
         <load_address>0x0</load_address>
         <run_address>0x0</run_address>
         <size>0xe4</size>
         <input_file_ref idref="fl-c"/>
      </object_component>
      <object_component id="oc-5e2">
         <name>.text:__TI_printfi</name>
         <load_address>0xe4</load_address>
         <run_address>0xe4</run_address>
         <size>0xa4e</size>
         <input_file_ref idref="fl-eb"/>
      </object_component>
      <object_component id="oc-3de">
         <name>.text:Graphics_drawString</name>
         <load_address>0xb32</load_address>
         <run_address>0xb32</run_address>
         <size>0x47e</size>
         <input_file_ref idref="fl-1e"/>
      </object_component>
      <object_component id="oc-64c">
         <name>.text:_pconv_a</name>
         <load_address>0xfb0</load_address>
         <run_address>0xfb0</run_address>
         <size>0x270</size>
         <input_file_ref idref="fl-eb"/>
      </object_component>
      <object_component id="oc-565">
         <name>.text:Graphics_fillCircle</name>
         <load_address>0x1220</load_address>
         <run_address>0x1220</run_address>
         <size>0x22a</size>
         <input_file_ref idref="fl-18"/>
      </object_component>
      <object_component id="oc-4cf">
         <name>.text:Crystalfontz128x128_PixelDrawMultiple</name>
         <load_address>0x144a</load_address>
         <run_address>0x144a</run_address>
         <size>0x1d8</size>
         <input_file_ref idref="fl-a"/>
      </object_component>
      <object_component id="oc-6d">
         <name>.text:Default_Handler</name>
         <load_address>0x1622</load_address>
         <run_address>0x1622</run_address>
         <size>0x2</size>
         <input_file_ref idref="fl-c"/>
      </object_component>
      <object_component id="oc-63a">
         <name>.text:_pconv_g</name>
         <load_address>0x1624</load_address>
         <run_address>0x1624</run_address>
         <size>0x1d0</size>
         <input_file_ref idref="fl-eb"/>
      </object_component>
      <object_component id="oc-6aa">
         <name>.text</name>
         <load_address>0x17f4</load_address>
         <run_address>0x17f4</run_address>
         <size>0x1b6</size>
         <input_file_ref idref="fl-ed"/>
      </object_component>
      <object_component id="oc-503">
         <name>.text</name>
         <load_address>0x19aa</load_address>
         <run_address>0x19aa</run_address>
         <size>0x2</size>
         <input_file_ref idref="fl-ec"/>
      </object_component>
      <object_component id="oc-2bd">
         <name>.text:CS_setDCOFrequency</name>
         <load_address>0x19ac</load_address>
         <run_address>0x19ac</run_address>
         <size>0x19c</size>
         <input_file_ref idref="fl-20"/>
      </object_component>
      <object_component id="oc-3f2">
         <name>.text:Application_showInstructionScreen</name>
         <load_address>0x1b48</load_address>
         <run_address>0x1b48</run_address>
         <size>0x16e</size>
         <input_file_ref idref="fl-2"/>
      </object_component>
      <object_component id="oc-3b5">
         <name>.text:_getIndexForMemRegister</name>
         <load_address>0x1cb8</load_address>
         <run_address>0x1cb8</run_address>
         <size>0x160</size>
         <input_file_ref idref="fl-1f"/>
      </object_component>
      <object_component id="oc-403">
         <name>.text:Application_updateGameScreen</name>
         <load_address>0x1e18</load_address>
         <run_address>0x1e18</run_address>
         <size>0x158</size>
         <input_file_ref idref="fl-2"/>
      </object_component>
      <object_component id="oc-646">
         <name>.text:_pconv_e</name>
         <load_address>0x1f70</load_address>
         <run_address>0x1f70</run_address>
         <size>0x13c</size>
         <input_file_ref idref="fl-eb"/>
      </object_component>
      <object_component id="oc-690">
         <name>.text</name>
         <load_address>0x20ac</load_address>
         <run_address>0x20ac</run_address>
         <size>0x136</size>
         <input_file_ref idref="fl-ef"/>
      </object_component>
      <object_component id="oc-4a4">
         <name>.text:Crystalfontz128x128_SetDrawFrame</name>
         <load_address>0x21e4</load_address>
         <run_address>0x21e4</run_address>
         <size>0x134</size>
         <input_file_ref idref="fl-a"/>
      </object_component>
      <object_component id="oc-2c3">
         <name>.text:CS_initClockSignal</name>
         <load_address>0x2318</load_address>
         <run_address>0x2318</run_address>
         <size>0x130</size>
         <input_file_ref idref="fl-20"/>
      </object_component>
      <object_component id="oc-31a">
         <name>.text:Crystalfontz128x128_Init</name>
         <load_address>0x2448</load_address>
         <run_address>0x2448</run_address>
         <size>0x12c</size>
         <input_file_ref idref="fl-a"/>
      </object_component>
      <object_component id="oc-6bc">
         <name>.text:fcvt</name>
         <load_address>0x2574</load_address>
         <run_address>0x2574</run_address>
         <size>0x124</size>
         <input_file_ref idref="fl-eb"/>
      </object_component>
      <object_component id="oc-13f">
         <name>.text:Application_loop</name>
         <load_address>0x2698</load_address>
         <run_address>0x2698</run_address>
         <size>0x122</size>
         <input_file_ref idref="fl-2"/>
      </object_component>
      <object_component id="oc-409">
         <name>.text:Application_showGameOverScreen</name>
         <load_address>0x27bc</load_address>
         <run_address>0x27bc</run_address>
         <size>0x116</size>
         <input_file_ref idref="fl-2"/>
      </object_component>
      <object_component id="oc-226">
         <name>.text:Application_showTitleScreen</name>
         <load_address>0x28d4</load_address>
         <run_address>0x28d4</run_address>
         <size>0x110</size>
         <input_file_ref idref="fl-2"/>
      </object_component>
      <object_component id="oc-6d0">
         <name>.text:scalbn</name>
         <load_address>0x29e4</load_address>
         <run_address>0x29e4</run_address>
         <size>0x110</size>
         <input_file_ref idref="fl-101"/>
      </object_component>
      <object_component id="oc-68b">
         <name>.text</name>
         <load_address>0x2af4</load_address>
         <run_address>0x2af4</run_address>
         <size>0xfc</size>
         <input_file_ref idref="fl-f0"/>
      </object_component>
      <object_component id="oc-23e">
         <name>.text:Application_handleGameScreen</name>
         <load_address>0x2bf0</load_address>
         <run_address>0x2bf0</run_address>
         <size>0xf8</size>
         <input_file_ref idref="fl-2"/>
      </object_component>
      <object_component id="oc-380">
         <name>.text:ADC14_configureConversionMemory</name>
         <load_address>0x2ce8</load_address>
         <run_address>0x2ce8</run_address>
         <size>0xb4</size>
         <input_file_ref idref="fl-1f"/>
      </object_component>
      <object_component id="oc-36d">
         <name>.text:ADC14_configureMultiSequenceMode</name>
         <load_address>0x2d9c</load_address>
         <run_address>0x2d9c</run_address>
         <size>0xb4</size>
         <input_file_ref idref="fl-1f"/>
      </object_component>
      <object_component id="oc-62f">
         <name>.text:_ltostr</name>
         <load_address>0x2e50</load_address>
         <run_address>0x2e50</run_address>
         <size>0xb1</size>
         <input_file_ref idref="fl-eb"/>
      </object_component>
      <object_component id="oc-139">
         <name>.text:Joystick_refresh</name>
         <load_address>0x2f04</load_address>
         <run_address>0x2f04</run_address>
         <size>0xb0</size>
         <input_file_ref idref="fl-7"/>
      </object_component>
      <object_component id="oc-59a">
         <name>.text:SPI_initMaster</name>
         <load_address>0x2fb4</load_address>
         <run_address>0x2fb4</run_address>
         <size>0xb0</size>
         <input_file_ref idref="fl-26"/>
      </object_component>
      <object_component id="oc-3f9">
         <name>.text:Graphics_drawRectangle</name>
         <load_address>0x3064</load_address>
         <run_address>0x3064</run_address>
         <size>0xa2</size>
         <input_file_ref idref="fl-1d"/>
      </object_component>
      <object_component id="oc-4e1">
         <name>.text:Crystalfontz128x128_RectFill</name>
         <load_address>0x3106</load_address>
         <run_address>0x3106</run_address>
         <size>0x9c</size>
         <input_file_ref idref="fl-a"/>
      </object_component>
      <object_component id="oc-533">
         <name>.text:Graphics_drawLineH</name>
         <load_address>0x31a2</load_address>
         <run_address>0x31a2</run_address>
         <size>0x9c</size>
         <input_file_ref idref="fl-1c"/>
      </object_component>
      <object_component id="oc-54f">
         <name>.text:Graphics_drawLineV</name>
         <load_address>0x323e</load_address>
         <run_address>0x323e</run_address>
         <size>0x9c</size>
         <input_file_ref idref="fl-1c"/>
      </object_component>
      <object_component id="oc-37">
         <name>.text</name>
         <load_address>0x32da</load_address>
         <run_address>0x32da</run_address>
         <size>0x9c</size>
         <input_file_ref idref="fl-e3"/>
      </object_component>
      <object_component id="oc-127">
         <name>.text:Application_construct</name>
         <load_address>0x3376</load_address>
         <run_address>0x3376</run_address>
         <size>0x9a</size>
         <input_file_ref idref="fl-2"/>
      </object_component>
      <object_component id="oc-238">
         <name>.text:Application_showGameScreen</name>
         <load_address>0x3410</load_address>
         <run_address>0x3410</run_address>
         <size>0x98</size>
         <input_file_ref idref="fl-2"/>
      </object_component>
      <object_component id="oc-34f">
         <name>.text</name>
         <load_address>0x34a8</load_address>
         <run_address>0x34a8</run_address>
         <size>0x96</size>
         <input_file_ref idref="fl-e5"/>
      </object_component>
      <object_component id="oc-44f">
         <name>.text:SysCtl_A_getTLVInfo</name>
         <load_address>0x3540</load_address>
         <run_address>0x3540</run_address>
         <size>0x94</size>
         <input_file_ref idref="fl-28"/>
      </object_component>
      <object_component id="oc-1c6">
         <name>.text:InitSystemTiming</name>
         <load_address>0x35d4</load_address>
         <run_address>0x35d4</run_address>
         <size>0x8c</size>
         <input_file_ref idref="fl-9"/>
      </object_component>
      <object_component id="oc-45b">
         <name>.text:CS_tuneDCOFrequency</name>
         <load_address>0x3660</load_address>
         <run_address>0x3660</run_address>
         <size>0x88</size>
         <input_file_ref idref="fl-20"/>
      </object_component>
      <object_component id="oc-386">
         <name>.text:GPIO_setAsPeripheralModuleFunctionInputPin</name>
         <load_address>0x36e8</load_address>
         <run_address>0x36e8</run_address>
         <size>0x88</size>
         <input_file_ref idref="fl-22"/>
      </object_component>
      <object_component id="oc-593">
         <name>.text:GPIO_setAsPeripheralModuleFunctionOutputPin</name>
         <load_address>0x3770</load_address>
         <run_address>0x3770</run_address>
         <size>0x88</size>
         <input_file_ref idref="fl-22"/>
      </object_component>
      <object_component id="oc-635">
         <name>.text:__aeabi_cdcmple</name>
         <load_address>0x37f8</load_address>
         <run_address>0x37f8</run_address>
         <size>0x86</size>
         <input_file_ref idref="fl-ee"/>
      </object_component>
      <object_component id="oc-695">
         <name>.text:__aeabi_cdrcmple</name>
         <load_address>0x387e</load_address>
         <run_address>0x387e</run_address>
         <size>0x86</size>
         <input_file_ref idref="fl-ee"/>
      </object_component>
      <object_component id="oc-250">
         <name>.text:Application_init</name>
         <load_address>0x3904</load_address>
         <run_address>0x3904</run_address>
         <size>0x80</size>
         <input_file_ref idref="fl-2"/>
      </object_component>
      <object_component id="oc-2d5">
         <name>.text:Interrupt_enableInterrupt</name>
         <load_address>0x3984</load_address>
         <run_address>0x3984</run_address>
         <size>0x80</size>
         <input_file_ref idref="fl-23"/>
      </object_component>
      <object_component id="oc-1d2">
         <name>.text:initButtons</name>
         <load_address>0x3a04</load_address>
         <run_address>0x3a04</run_address>
         <size>0x7c</size>
         <input_file_ref idref="fl-4"/>
      </object_component>
      <object_component id="oc-b1">
         <name>.text</name>
         <load_address>0x3a80</load_address>
         <run_address>0x3a80</run_address>
         <size>0x7a</size>
         <input_file_ref idref="fl-e4"/>
      </object_component>
      <object_component id="oc-cf">
         <name>.text:SystemInit</name>
         <load_address>0x3afc</load_address>
         <run_address>0x3afc</run_address>
         <size>0x78</size>
         <input_file_ref idref="fl-3"/>
      </object_component>
      <object_component id="oc-6b5">
         <name>.text:_mcpy</name>
         <load_address>0x3b74</load_address>
         <run_address>0x3b74</run_address>
         <size>0x6e</size>
         <input_file_ref idref="fl-eb"/>
      </object_component>
      <object_component id="oc-2c9">
         <name>.text:Timer32_initModule</name>
         <load_address>0x3be4</load_address>
         <run_address>0x3be4</run_address>
         <size>0x68</size>
         <input_file_ref idref="fl-29"/>
      </object_component>
      <object_component id="oc-17">
         <name>.text:decompress:lzss:__TI_decompress_lzss</name>
         <load_address>0x3c4c</load_address>
         <run_address>0x3c4c</run_address>
         <size>0x68</size>
         <input_file_ref idref="fl-e8"/>
      </object_component>
      <object_component id="oc-6ca">
         <name>.text:frexp</name>
         <load_address>0x3cb4</load_address>
         <run_address>0x3cb4</run_address>
         <size>0x64</size>
         <input_file_ref idref="fl-100"/>
      </object_component>
      <object_component id="oc-3c5">
         <name>.text:BB1tapped</name>
         <load_address>0x3d18</load_address>
         <run_address>0x3d18</run_address>
         <size>0x60</size>
         <input_file_ref idref="fl-4"/>
      </object_component>
      <object_component id="oc-3cb">
         <name>.text:BB2tapped</name>
         <load_address>0x3d78</load_address>
         <run_address>0x3d78</run_address>
         <size>0x60</size>
         <input_file_ref idref="fl-4"/>
      </object_component>
      <object_component id="oc-4d5">
         <name>.text:Crystalfontz128x128_LineDrawH</name>
         <load_address>0x3dd8</load_address>
         <run_address>0x3dd8</run_address>
         <size>0x60</size>
         <input_file_ref idref="fl-a"/>
      </object_component>
      <object_component id="oc-4db">
         <name>.text:Crystalfontz128x128_LineDrawV</name>
         <load_address>0x3e38</load_address>
         <run_address>0x3e38</run_address>
         <size>0x60</size>
         <input_file_ref idref="fl-a"/>
      </object_component>
      <object_component id="oc-3bf">
         <name>.text:JSBtapped</name>
         <load_address>0x3e98</load_address>
         <run_address>0x3e98</run_address>
         <size>0x60</size>
         <input_file_ref idref="fl-4"/>
      </object_component>
      <object_component id="oc-3d1">
         <name>.text:LB1tapped</name>
         <load_address>0x3ef8</load_address>
         <run_address>0x3ef8</run_address>
         <size>0x60</size>
         <input_file_ref idref="fl-4"/>
      </object_component>
      <object_component id="oc-3d7">
         <name>.text:LB2tapped</name>
         <load_address>0x3f58</load_address>
         <run_address>0x3f58</run_address>
         <size>0x60</size>
         <input_file_ref idref="fl-4"/>
      </object_component>
      <object_component id="oc-479">
         <name>.text:GPIO_setAsInputPinWithPullUpResistor</name>
         <load_address>0x3fb8</load_address>
         <run_address>0x3fb8</run_address>
         <size>0x58</size>
         <input_file_ref idref="fl-22"/>
      </object_component>
      <object_component id="oc-547">
         <name>.text:SWTimer_elapsedCycles</name>
         <load_address>0x4010</load_address>
         <run_address>0x4010</run_address>
         <size>0x58</size>
         <input_file_ref idref="fl-9"/>
      </object_component>
      <object_component id="oc-1cc">
         <name>.text:initLEDs</name>
         <load_address>0x4068</load_address>
         <run_address>0x4068</run_address>
         <size>0x58</size>
         <input_file_ref idref="fl-8"/>
      </object_component>
      <object_component id="oc-640">
         <name>.text:_pconv_f</name>
         <load_address>0x40c0</load_address>
         <run_address>0x40c0</run_address>
         <size>0x56</size>
         <input_file_ref idref="fl-eb"/>
      </object_component>
      <object_component id="oc-367">
         <name>.text:ADC14_initModule</name>
         <load_address>0x4118</load_address>
         <run_address>0x4118</run_address>
         <size>0x54</size>
         <input_file_ref idref="fl-1f"/>
      </object_component>
      <object_component id="oc-320">
         <name>.text:Crystalfontz128x128_SetOrientation</name>
         <load_address>0x416c</load_address>
         <run_address>0x416c</run_address>
         <size>0x54</size>
         <input_file_ref idref="fl-a"/>
      </object_component>
      <object_component id="oc-1e0">
         <name>.text:SWTimer_construct</name>
         <load_address>0x41c0</load_address>
         <run_address>0x41c0</run_address>
         <size>0x54</size>
         <input_file_ref idref="fl-9"/>
      </object_component>
      <object_component id="oc-69f">
         <name>.text:__TI_ltoa</name>
         <load_address>0x4214</load_address>
         <run_address>0x4214</run_address>
         <size>0x54</size>
         <input_file_ref idref="fl-f8"/>
      </object_component>
      <object_component id="oc-326">
         <name>.text:Graphics_initContext</name>
         <load_address>0x4268</load_address>
         <run_address>0x4268</run_address>
         <size>0x52</size>
         <input_file_ref idref="fl-19"/>
      </object_component>
      <object_component id="oc-6af">
         <name>.text:_ecpy</name>
         <load_address>0x42ba</load_address>
         <run_address>0x42ba</run_address>
         <size>0x52</size>
         <input_file_ref idref="fl-eb"/>
      </object_component>
      <object_component id="oc-629">
         <name>.text:atoi</name>
         <load_address>0x430c</load_address>
         <run_address>0x430c</run_address>
         <size>0x4c</size>
         <input_file_ref idref="fl-fa"/>
      </object_component>
      <object_component id="oc-2b7">
         <name>.text:FlashCtl_setWaitState</name>
         <load_address>0x4358</load_address>
         <run_address>0x4358</run_address>
         <size>0x48</size>
         <input_file_ref idref="fl-21"/>
      </object_component>
      <object_component id="oc-1d9">
         <name>.text:GFX_construct</name>
         <load_address>0x43a0</load_address>
         <run_address>0x43a0</run_address>
         <size>0x48</size>
         <input_file_ref idref="fl-5"/>
      </object_component>
      <object_component id="oc-69a">
         <name>.text</name>
         <load_address>0x43e8</load_address>
         <run_address>0x43e8</run_address>
         <size>0x48</size>
         <input_file_ref idref="fl-f1"/>
      </object_component>
      <object_component id="oc-1f3">
         <name>.text:initJoyStick</name>
         <load_address>0x4430</load_address>
         <run_address>0x4430</run_address>
         <size>0x46</size>
         <input_file_ref idref="fl-7"/>
      </object_component>
      <object_component id="oc-166">
         <name>.text:__TI_auto_init_nobinit_nopinit:__TI_auto_init_nobinit_nopinit</name>
         <load_address>0x4478</load_address>
         <run_address>0x4478</run_address>
         <size>0x44</size>
         <input_file_ref idref="fl-f3"/>
      </object_component>
      <object_component id="oc-4c9">
         <name>.text:Crystalfontz128x128_PixelDraw</name>
         <load_address>0x44bc</load_address>
         <run_address>0x44bc</run_address>
         <size>0x40</size>
         <input_file_ref idref="fl-a"/>
      </object_component>
      <object_component id="oc-2e8">
         <name>.text:GPIO_setAsOutputPin</name>
         <load_address>0x44fc</load_address>
         <run_address>0x44fc</run_address>
         <size>0x40</size>
         <input_file_ref idref="fl-22"/>
      </object_component>
      <object_component id="oc-52d">
         <name>.text:Graphics_getNumberOfLeadingZeros</name>
         <load_address>0x453c</load_address>
         <run_address>0x453c</run_address>
         <size>0x40</size>
         <input_file_ref idref="fl-1e"/>
      </object_component>
      <object_component id="oc-492">
         <name>.text:HAL_LCD_SpiInit</name>
         <load_address>0x457c</load_address>
         <run_address>0x457c</run_address>
         <size>0x40</size>
         <input_file_ref idref="fl-b"/>
      </object_component>
      <object_component id="oc-7f">
         <name>.text:PORT1_IRQHandler</name>
         <load_address>0x45bc</load_address>
         <run_address>0x45bc</run_address>
         <size>0x40</size>
         <input_file_ref idref="fl-4"/>
      </object_component>
      <object_component id="oc-603">
         <name>.text:is_A_Module</name>
         <load_address>0x45fc</load_address>
         <run_address>0x45fc</run_address>
         <size>0x40</size>
         <input_file_ref idref="fl-26"/>
      </object_component>
      <object_component id="oc-559">
         <name>.text:sprintf</name>
         <load_address>0x463c</load_address>
         <run_address>0x463c</run_address>
         <size>0x40</size>
         <input_file_ref idref="fl-e1"/>
      </object_component>
      <object_component id="oc-6c2">
         <name>.text:_fcpy</name>
         <load_address>0x467c</load_address>
         <run_address>0x467c</run_address>
         <size>0x3e</size>
         <input_file_ref idref="fl-eb"/>
      </object_component>
      <object_component id="oc-485">
         <name>.text:GPIO_interruptEdgeSelect</name>
         <load_address>0x46bc</load_address>
         <run_address>0x46bc</run_address>
         <size>0x3c</size>
         <input_file_ref idref="fl-22"/>
      </object_component>
      <object_component id="oc-220">
         <name>.text:updateButtons</name>
         <load_address>0x46f8</load_address>
         <run_address>0x46f8</run_address>
         <size>0x3a</size>
         <input_file_ref idref="fl-4"/>
      </object_component>
      <object_component id="oc-d7">
         <name>.text:ADC14_getEnabledInterruptStatus</name>
         <load_address>0x4734</load_address>
         <run_address>0x4734</run_address>
         <size>0x38</size>
         <input_file_ref idref="fl-1f"/>
      </object_component>
      <object_component id="oc-498">
         <name>.text:HAL_LCD_writeCommand</name>
         <load_address>0x476c</load_address>
         <run_address>0x476c</run_address>
         <size>0x38</size>
         <input_file_ref idref="fl-b"/>
      </object_component>
      <object_component id="oc-2e1">
         <name>.text:Timer32_startTimer</name>
         <load_address>0x47a4</load_address>
         <run_address>0x47a4</run_address>
         <size>0x38</size>
         <input_file_ref idref="fl-29"/>
      </object_component>
      <object_component id="oc-5cd">
         <name>.text:Graphics_drawHorizontalLineOnDisplay</name>
         <load_address>0x47dc</load_address>
         <run_address>0x47dc</run_address>
         <size>0x36</size>
         <input_file_ref idref="fl-1a"/>
      </object_component>
      <object_component id="oc-5d9">
         <name>.text:Graphics_drawVerticalLineOnDisplay</name>
         <load_address>0x4812</load_address>
         <run_address>0x4812</run_address>
         <size>0x36</size>
         <input_file_ref idref="fl-1a"/>
      </object_component>
      <object_component id="oc-1ed">
         <name>.text:initADC</name>
         <load_address>0x4848</load_address>
         <run_address>0x4848</run_address>
         <size>0x36</size>
         <input_file_ref idref="fl-7"/>
      </object_component>
      <object_component id="oc-379">
         <name>.text:ADC14_enableSampleTimer</name>
         <load_address>0x4880</load_address>
         <run_address>0x4880</run_address>
         <size>0x34</size>
         <input_file_ref idref="fl-1f"/>
      </object_component>
      <object_component id="oc-455">
         <name>.text:CS_setDCOCenteredFrequency</name>
         <load_address>0x48b4</load_address>
         <run_address>0x48b4</run_address>
         <size>0x34</size>
         <input_file_ref idref="fl-20"/>
      </object_component>
      <object_component id="oc-2cf">
         <name>.text:Timer32_setCount</name>
         <load_address>0x48e8</load_address>
         <run_address>0x48e8</run_address>
         <size>0x34</size>
         <input_file_ref idref="fl-29"/>
      </object_component>
      <object_component id="oc-55">
         <name>.text:_c_int00_noargs:_c_int00_noargs</name>
         <load_address>0x491c</load_address>
         <run_address>0x491c</run_address>
         <size>0x34</size>
         <input_file_ref idref="fl-ea"/>
      </object_component>
      <object_component id="oc-bd">
         <name>.text:main</name>
         <load_address>0x4950</load_address>
         <run_address>0x4950</run_address>
         <size>0x32</size>
         <input_file_ref idref="fl-2"/>
      </object_component>
      <object_component id="oc-dd">
         <name>.text:ADC14_clearInterruptFlag</name>
         <load_address>0x4984</load_address>
         <run_address>0x4984</run_address>
         <size>0x30</size>
         <input_file_ref idref="fl-1f"/>
      </object_component>
      <object_component id="oc-38c">
         <name>.text:ADC14_enableInterrupt</name>
         <load_address>0x49b4</load_address>
         <run_address>0x49b4</run_address>
         <size>0x30</size>
         <input_file_ref idref="fl-1f"/>
      </object_component>
      <object_component id="oc-373">
         <name>.text:ADC14_setSampleHoldTime</name>
         <load_address>0x49e4</load_address>
         <run_address>0x49e4</run_address>
         <size>0x30</size>
         <input_file_ref idref="fl-1f"/>
      </object_component>
      <object_component id="oc-232">
         <name>.text:Application_handleTitleScreen</name>
         <load_address>0x4a14</load_address>
         <run_address>0x4a14</run_address>
         <size>0x30</size>
         <input_file_ref idref="fl-2"/>
      </object_component>
      <object_component id="oc-48c">
         <name>.text:HAL_LCD_PortInit</name>
         <load_address>0x4a44</load_address>
         <run_address>0x4a44</run_address>
         <size>0x30</size>
         <input_file_ref idref="fl-b"/>
      </object_component>
      <object_component id="oc-121">
         <name>.text:HAL_construct</name>
         <load_address>0x4a74</load_address>
         <run_address>0x4a74</run_address>
         <size>0x2e</size>
         <input_file_ref idref="fl-6"/>
      </object_component>
      <object_component id="oc-6a5">
         <name>.text</name>
         <load_address>0x4aa2</load_address>
         <run_address>0x4aa2</run_address>
         <size>0x2e</size>
         <input_file_ref idref="fl-f2"/>
      </object_component>
      <object_component id="oc-73">
         <name>.text:ADC14_IRQHandler</name>
         <load_address>0x4ad0</load_address>
         <run_address>0x4ad0</run_address>
         <size>0x2c</size>
         <input_file_ref idref="fl-7"/>
      </object_component>
      <object_component id="oc-199">
         <name>.text:ADC14_getInterruptStatus</name>
         <load_address>0x4afc</load_address>
         <run_address>0x4afc</run_address>
         <size>0x2c</size>
         <input_file_ref idref="fl-1f"/>
      </object_component>
      <object_component id="oc-399">
         <name>.text:ADC14_toggleConversionTrigger</name>
         <load_address>0x4b28</load_address>
         <run_address>0x4b28</run_address>
         <size>0x2c</size>
         <input_file_ref idref="fl-1f"/>
      </object_component>
      <object_component id="oc-4f3">
         <name>.text:Crystalfontz128x128_ClearScreen</name>
         <load_address>0x4b54</load_address>
         <run_address>0x4b54</run_address>
         <size>0x2c</size>
         <input_file_ref idref="fl-a"/>
      </object_component>
      <object_component id="oc-539">
         <name>.text:Graphics_drawPixelOnDisplay</name>
         <load_address>0x4b80</load_address>
         <run_address>0x4b80</run_address>
         <size>0x2c</size>
         <input_file_ref idref="fl-1a"/>
      </object_component>
      <object_component id="oc-49e">
         <name>.text:HAL_LCD_writeData</name>
         <load_address>0x4bac</load_address>
         <run_address>0x4bac</run_address>
         <size>0x2c</size>
         <input_file_ref idref="fl-b"/>
      </object_component>
      <object_component id="oc-3ec">
         <name>.text:SWTimer_expired</name>
         <load_address>0x4bd8</load_address>
         <run_address>0x4bd8</run_address>
         <size>0x2a</size>
         <input_file_ref idref="fl-9"/>
      </object_component>
      <object_component id="oc-313">
         <name>.text:initButton</name>
         <load_address>0x4c02</load_address>
         <run_address>0x4c02</run_address>
         <size>0x2a</size>
         <input_file_ref idref="fl-4"/>
      </object_component>
      <object_component id="oc-393">
         <name>.text:ADC14_enableConversion</name>
         <load_address>0x4c2c</load_address>
         <run_address>0x4c2c</run_address>
         <size>0x28</size>
         <input_file_ref idref="fl-1f"/>
      </object_component>
      <object_component id="oc-213">
         <name>.text:ADC14_getResult</name>
         <load_address>0x4c54</load_address>
         <run_address>0x4c54</run_address>
         <size>0x28</size>
         <input_file_ref idref="fl-1f"/>
      </object_component>
      <object_component id="oc-4e7">
         <name>.text:Crystalfontz128x128_ColorTranslate</name>
         <load_address>0x4c7c</load_address>
         <run_address>0x4c7c</run_address>
         <size>0x28</size>
         <input_file_ref idref="fl-a"/>
      </object_component>
      <object_component id="oc-f7">
         <name>.text:GPIO_clearInterruptFlag</name>
         <load_address>0x4ca4</load_address>
         <run_address>0x4ca4</run_address>
         <size>0x28</size>
         <input_file_ref idref="fl-22"/>
      </object_component>
      <object_component id="oc-47f">
         <name>.text:GPIO_enableInterrupt</name>
         <load_address>0x4ccc</load_address>
         <run_address>0x4ccc</run_address>
         <size>0x28</size>
         <input_file_ref idref="fl-22"/>
      </object_component>
      <object_component id="oc-3a0">
         <name>.text:GPIO_setOutputHighOnPin</name>
         <load_address>0x4cf4</load_address>
         <run_address>0x4cf4</run_address>
         <size>0x28</size>
         <input_file_ref idref="fl-22"/>
      </object_component>
      <object_component id="oc-3ae">
         <name>.text:GPIO_setOutputLowOnPin</name>
         <load_address>0x4d1c</load_address>
         <run_address>0x4d1c</run_address>
         <size>0x28</size>
         <input_file_ref idref="fl-22"/>
      </object_component>
      <object_component id="oc-3e5">
         <name>.text:GPIO_toggleOutputOnPin</name>
         <load_address>0x4d44</load_address>
         <run_address>0x4d44</run_address>
         <size>0x28</size>
         <input_file_ref idref="fl-22"/>
      </object_component>
      <object_component id="oc-206">
         <name>.text:PCM_gotoLPM0</name>
         <load_address>0x4d6c</load_address>
         <run_address>0x4d6c</run_address>
         <size>0x28</size>
         <input_file_ref idref="fl-24"/>
      </object_component>
      <object_component id="oc-79">
         <name>.text:T32_INT1_IRQHandler</name>
         <load_address>0x4d94</load_address>
         <run_address>0x4d94</run_address>
         <size>0x28</size>
         <input_file_ref idref="fl-9"/>
      </object_component>
      <object_component id="oc-f1">
         <name>.text:GPIO_getInterruptStatus</name>
         <load_address>0x4dbc</load_address>
         <run_address>0x4dbc</run_address>
         <size>0x24</size>
         <input_file_ref idref="fl-22"/>
      </object_component>
      <object_component id="oc-12d">
         <name>.text:Joystick_construct</name>
         <load_address>0x4de0</load_address>
         <run_address>0x4de0</run_address>
         <size>0x24</size>
         <input_file_ref idref="fl-7"/>
      </object_component>
      <object_component id="oc-1e6">
         <name>.text:SWTimer_start</name>
         <load_address>0x4e04</load_address>
         <run_address>0x4e04</run_address>
         <size>0x24</size>
         <input_file_ref idref="fl-9"/>
      </object_component>
      <object_component id="oc-1c0">
         <name>.text:WDT_A_holdTimer</name>
         <load_address>0x4e28</load_address>
         <run_address>0x4e28</run_address>
         <size>0x24</size>
         <input_file_ref idref="fl-2a"/>
      </object_component>
      <object_component id="oc-85">
         <name>.text:PORT3_IRQHandler</name>
         <load_address>0x4e4c</load_address>
         <run_address>0x4e4c</run_address>
         <size>0x20</size>
         <input_file_ref idref="fl-4"/>
      </object_component>
      <object_component id="oc-8b">
         <name>.text:PORT4_IRQHandler</name>
         <load_address>0x4e6c</load_address>
         <run_address>0x4e6c</run_address>
         <size>0x20</size>
         <input_file_ref idref="fl-4"/>
      </object_component>
      <object_component id="oc-91">
         <name>.text:PORT5_IRQHandler</name>
         <load_address>0x4e8c</load_address>
         <run_address>0x4e8c</run_address>
         <size>0x20</size>
         <input_file_ref idref="fl-4"/>
      </object_component>
      <object_component id="oc-55f">
         <name>.text:strcat</name>
         <load_address>0x4eac</load_address>
         <run_address>0x4eac</run_address>
         <size>0x1e</size>
         <input_file_ref idref="fl-e9"/>
      </object_component>
      <object_component id="oc-5a0">
         <name>.text:SPI_enableModule</name>
         <load_address>0x4eca</load_address>
         <run_address>0x4eca</run_address>
         <size>0x1c</size>
         <input_file_ref idref="fl-26"/>
      </object_component>
      <object_component id="oc-43">
         <name>.text:decompress:ZI:__TI_zero_init_nomemset:__TI_zero_init_nomemset</name>
         <load_address>0x4ee6</load_address>
         <run_address>0x4ee6</run_address>
         <size>0x1c</size>
         <input_file_ref idref="fl-e6"/>
      </object_component>
      <object_component id="oc-652">
         <name>.text:memccpy</name>
         <load_address>0x4f02</load_address>
         <run_address>0x4f02</run_address>
         <size>0x1c</size>
         <input_file_ref idref="fl-fc"/>
      </object_component>
      <object_component id="oc-4c0">
         <name>.text:Graphics_clearDisplayOnDisplay</name>
         <load_address>0x4f1e</load_address>
         <run_address>0x4f1e</run_address>
         <size>0x1a</size>
         <input_file_ref idref="fl-1a"/>
      </object_component>
      <object_component id="oc-338">
         <name>.text:Graphics_setBackgroundColor</name>
         <load_address>0x4f38</load_address>
         <run_address>0x4f38</run_address>
         <size>0x1a</size>
         <input_file_ref idref="fl-19"/>
      </object_component>
      <object_component id="oc-32c">
         <name>.text:Graphics_setFont</name>
         <load_address>0x4f52</load_address>
         <run_address>0x4f52</run_address>
         <size>0x1a</size>
         <input_file_ref idref="fl-19"/>
      </object_component>
      <object_component id="oc-716">
         <name>.text:copysign</name>
         <load_address>0x4f6c</load_address>
         <run_address>0x4f6c</run_address>
         <size>0x1a</size>
         <input_file_ref idref="fl-102"/>
      </object_component>
      <object_component id="oc-5e8">
         <name>.text:_outs</name>
         <load_address>0x4f86</load_address>
         <run_address>0x4f86</run_address>
         <size>0x18</size>
         <input_file_ref idref="fl-e1"/>
      </object_component>
      <object_component id="oc-354">
         <name>.text</name>
         <load_address>0x4f9e</load_address>
         <run_address>0x4f9e</run_address>
         <size>0x18</size>
         <input_file_ref idref="fl-e2"/>
      </object_component>
      <object_component id="oc-60b">
         <name>.text:EUSCI_A_SPI_enable</name>
         <load_address>0x4fb6</load_address>
         <run_address>0x4fb6</run_address>
         <size>0x16</size>
         <input_file_ref idref="fl-26"/>
      </object_component>
      <object_component id="oc-611">
         <name>.text:EUSCI_B_SPI_enable</name>
         <load_address>0x4fcc</load_address>
         <run_address>0x4fcc</run_address>
         <size>0x16</size>
         <input_file_ref idref="fl-26"/>
      </object_component>
      <object_component id="oc-332">
         <name>.text:Graphics_setForegroundColor</name>
         <load_address>0x4fe2</load_address>
         <run_address>0x4fe2</run_address>
         <size>0x16</size>
         <input_file_ref idref="fl-19"/>
      </object_component>
      <object_component id="oc-4b8">
         <name>.text:Graphics_translateColorOnDisplay</name>
         <load_address>0x4ff8</load_address>
         <run_address>0x4ff8</run_address>
         <size>0x16</size>
         <input_file_ref idref="fl-1a"/>
      </object_component>
      <object_component id="oc-6d6">
         <name>.text:strchr</name>
         <load_address>0x500e</load_address>
         <run_address>0x500e</run_address>
         <size>0x16</size>
         <input_file_ref idref="fl-fd"/>
      </object_component>
      <object_component id="oc-e7">
         <name>.text:Timer32_clearInterruptFlag</name>
         <load_address>0x5024</load_address>
         <run_address>0x5024</run_address>
         <size>0x14</size>
         <input_file_ref idref="fl-29"/>
      </object_component>
      <object_component id="oc-11b">
         <name>.text:initialize</name>
         <load_address>0x5038</load_address>
         <run_address>0x5038</run_address>
         <size>0x14</size>
         <input_file_ref idref="fl-2"/>
      </object_component>
      <object_component id="oc-623">
         <name>.text:strlen</name>
         <load_address>0x504c</load_address>
         <run_address>0x504c</run_address>
         <size>0x14</size>
         <input_file_ref idref="fl-fe"/>
      </object_component>
      <object_component id="oc-33e">
         <name>.text:Graphics_clearDisplay</name>
         <load_address>0x5060</load_address>
         <run_address>0x5060</run_address>
         <size>0x12</size>
         <input_file_ref idref="fl-19"/>
      </object_component>
      <object_component id="oc-658">
         <name>.text:wcslen</name>
         <load_address>0x5072</load_address>
         <run_address>0x5072</run_address>
         <size>0x12</size>
         <input_file_ref idref="fl-103"/>
      </object_component>
      <object_component id="oc-50c">
         <name>.text:ADCIsConversionRunning</name>
         <load_address>0x5084</load_address>
         <run_address>0x5084</run_address>
         <size>0x10</size>
         <input_file_ref idref="fl-1f"/>
      </object_component>
      <object_component id="oc-2b1">
         <name>.text:Interrupt_disableMaster</name>
         <load_address>0x5094</load_address>
         <run_address>0x5094</run_address>
         <size>0x10</size>
         <input_file_ref idref="fl-23"/>
      </object_component>
      <object_component id="oc-2db">
         <name>.text:Interrupt_enableMaster</name>
         <load_address>0x50a4</load_address>
         <run_address>0x50a4</run_address>
         <size>0x10</size>
         <input_file_ref idref="fl-23"/>
      </object_component>
      <object_component id="oc-133">
         <name>.text:sleep</name>
         <load_address>0x50b4</load_address>
         <run_address>0x50b4</run_address>
         <size>0x10</size>
         <input_file_ref idref="fl-2"/>
      </object_component>
      <object_component id="oc-244">
         <name>.text:Joystick_isTappedToLeft</name>
         <load_address>0x50c4</load_address>
         <run_address>0x50c4</run_address>
         <size>0xe</size>
         <input_file_ref idref="fl-7"/>
      </object_component>
      <object_component id="oc-24a">
         <name>.text:Joystick_isTappedToRight</name>
         <load_address>0x50d2</load_address>
         <run_address>0x50d2</run_address>
         <size>0xe</size>
         <input_file_ref idref="fl-7"/>
      </object_component>
      <object_component id="oc-35a">
         <name>.text:Timer32_getValue</name>
         <load_address>0x50e0</load_address>
         <run_address>0x50e0</run_address>
         <size>0xe</size>
         <input_file_ref idref="fl-29"/>
      </object_component>
      <object_component id="oc-1d">
         <name>.text:decompress:none:__TI_decompress_none</name>
         <load_address>0x50ee</load_address>
         <run_address>0x50ee</run_address>
         <size>0xe</size>
         <input_file_ref idref="fl-e7"/>
      </object_component>
      <object_component id="oc-361">
         <name>.text:ADC14_enableModule</name>
         <load_address>0x50fc</load_address>
         <run_address>0x50fc</run_address>
         <size>0xc</size>
         <input_file_ref idref="fl-1f"/>
      </object_component>
      <object_component id="oc-447">
         <name>.text:CPU_cpsid</name>
         <load_address>0x5108</load_address>
         <run_address>0x5108</run_address>
         <size>0xc</size>
         <input_file_ref idref="fl-2b"/>
      </object_component>
      <object_component id="oc-46a">
         <name>.text:CPU_cpsie</name>
         <load_address>0x5114</load_address>
         <run_address>0x5114</run_address>
         <size>0xc</size>
         <input_file_ref idref="fl-2b"/>
      </object_component>
      <object_component id="oc-67">
         <name>.text:Reset_Handler</name>
         <load_address>0x5120</load_address>
         <run_address>0x5120</run_address>
         <size>0xc</size>
         <input_file_ref idref="fl-c"/>
      </object_component>
      <object_component id="oc-22c">
         <name>.text:Toggle_BLG</name>
         <load_address>0x512c</load_address>
         <run_address>0x512c</run_address>
         <size>0xc</size>
         <input_file_ref idref="fl-8"/>
      </object_component>
      <object_component id="oc-30c">
         <name>.text:TurnOff_BLB</name>
         <load_address>0x5138</load_address>
         <run_address>0x5138</run_address>
         <size>0xc</size>
         <input_file_ref idref="fl-8"/>
      </object_component>
      <object_component id="oc-306">
         <name>.text:TurnOff_BLG</name>
         <load_address>0x5144</load_address>
         <run_address>0x5144</run_address>
         <size>0xc</size>
         <input_file_ref idref="fl-8"/>
      </object_component>
      <object_component id="oc-300">
         <name>.text:TurnOff_BLR</name>
         <load_address>0x5150</load_address>
         <run_address>0x5150</run_address>
         <size>0xc</size>
         <input_file_ref idref="fl-8"/>
      </object_component>
      <object_component id="oc-2ee">
         <name>.text:TurnOff_LL1</name>
         <load_address>0x515c</load_address>
         <run_address>0x515c</run_address>
         <size>0xc</size>
         <input_file_ref idref="fl-8"/>
      </object_component>
      <object_component id="oc-2fa">
         <name>.text:TurnOff_LLB</name>
         <load_address>0x5168</load_address>
         <run_address>0x5168</run_address>
         <size>0xc</size>
         <input_file_ref idref="fl-8"/>
      </object_component>
      <object_component id="oc-20c">
         <name>.text:TurnOff_LLG</name>
         <load_address>0x5174</load_address>
         <run_address>0x5174</run_address>
         <size>0xc</size>
         <input_file_ref idref="fl-8"/>
      </object_component>
      <object_component id="oc-2f4">
         <name>.text:TurnOff_LLR</name>
         <load_address>0x5180</load_address>
         <run_address>0x5180</run_address>
         <size>0xc</size>
         <input_file_ref idref="fl-8"/>
      </object_component>
      <object_component id="oc-200">
         <name>.text:TurnOn_LLG</name>
         <load_address>0x518c</load_address>
         <run_address>0x518c</run_address>
         <size>0xc</size>
         <input_file_ref idref="fl-8"/>
      </object_component>
      <object_component id="oc-1f9">
         <name>.text:startADC</name>
         <load_address>0x5198</load_address>
         <run_address>0x5198</run_address>
         <size>0xc</size>
         <input_file_ref idref="fl-7"/>
      </object_component>
      <object_component id="oc-4ed">
         <name>.text:Crystalfontz128x128_Flush</name>
         <load_address>0x51a4</load_address>
         <run_address>0x51a4</run_address>
         <size>0xa</size>
         <input_file_ref idref="fl-a"/>
      </object_component>
      <object_component id="oc-5ee">
         <name>.text:_outc</name>
         <load_address>0x51ae</load_address>
         <run_address>0x51ae</run_address>
         <size>0xa</size>
         <input_file_ref idref="fl-e1"/>
      </object_component>
      <object_component id="oc-65e">
         <name>.text:__aeabi_errno_addr</name>
         <load_address>0x51b8</load_address>
         <run_address>0x51b8</run_address>
         <size>0x8</size>
         <input_file_ref idref="fl-ff"/>
      </object_component>
      <object_component id="oc-3a7">
         <name>.text:CPU_wfi</name>
         <load_address>0x51c0</load_address>
         <run_address>0x51c0</run_address>
         <size>0x4</size>
         <input_file_ref idref="fl-2b"/>
      </object_component>
      <object_component id="oc-b7">
         <name>.text:_system_pre_init</name>
         <load_address>0x51c4</load_address>
         <run_address>0x51c4</run_address>
         <size>0x4</size>
         <input_file_ref idref="fl-f4"/>
      </object_component>
      <object_component id="oc-15a">
         <name>.text:abort:abort</name>
         <load_address>0x51c8</load_address>
         <run_address>0x51c8</run_address>
         <size>0x4</size>
         <input_file_ref idref="fl-f6"/>
      </object_component>
      <object_component id="oc-4fb">
         <name>.const:.string:g_pucFontFixed6x8Data</name>
         <load_address>0x51cc</load_address>
         <run_address>0x51cc</run_address>
         <size>0x2f8</size>
         <input_file_ref idref="fl-1b"/>
      </object_component>
      <object_component id="oc-684">
         <name>.const:.string:_ctypes_</name>
         <load_address>0x54c4</load_address>
         <run_address>0x54c4</run_address>
         <size>0x101</size>
         <input_file_ref idref="fl-fb"/>
      </object_component>
      <object_component id="oc-34a">
         <name>.const:g_sFontFixed6x8</name>
         <load_address>0x55c8</load_address>
         <run_address>0x55c8</run_address>
         <size>0xc8</size>
         <input_file_ref idref="fl-1b"/>
      </object_component>
      <object_component id="oc-3bb">
         <name>.const:_ctlRegs</name>
         <load_address>0x5690</load_address>
         <run_address>0x5690</run_address>
         <size>0x80</size>
         <input_file_ref idref="fl-1f"/>
      </object_component>
      <object_component id="oc-1b2">
         <name>.const:GPIO_PORT_TO_BASE</name>
         <load_address>0x5710</load_address>
         <run_address>0x5710</run_address>
         <size>0x30</size>
         <input_file_ref idref="fl-22"/>
      </object_component>
      <object_component id="oc-347">
         <name>.const:g_sCrystalfontz128x128_funcs</name>
         <load_address>0x5740</load_address>
         <run_address>0x5740</run_address>
         <size>0x20</size>
         <input_file_ref idref="fl-a"/>
      </object_component>
      <object_component id="oc-5a6">
         <name>.const:$P$T0$1</name>
         <load_address>0x5760</load_address>
         <run_address>0x5760</run_address>
         <size>0x1c</size>
         <input_file_ref idref="fl-b"/>
      </object_component>
      <object_component id="oc-5c0">
         <name>.const:$P$T0$1</name>
         <load_address>0x577c</load_address>
         <run_address>0x577c</run_address>
         <size>0x8</size>
         <input_file_ref idref="fl-a"/>
      </object_component>
      <object_component id="oc-3ff">
         <name>.const:$P$T0$1</name>
         <load_address>0x5784</load_address>
         <run_address>0x5784</run_address>
         <size>0x8</size>
         <input_file_ref idref="fl-2"/>
      </object_component>
      <object_component id="oc-466">
         <name>.const:g_pulEnRegs</name>
         <load_address>0x578c</load_address>
         <run_address>0x578c</run_address>
         <size>0x8</size>
         <input_file_ref idref="fl-23"/>
      </object_component>
      <object_component id="oc-773">
         <name>.cinit..data.load</name>
         <load_address>0x5798</load_address>
         <run_address>0x5798</run_address>
         <size>0x12</size>
      </object_component>
      <object_component id="oc-771">
         <name>__TI_handler_table</name>
         <load_address>0x57ac</load_address>
         <run_address>0x57ac</run_address>
         <size>0xc</size>
      </object_component>
      <object_component id="oc-774">
         <name>.cinit..bss.load</name>
         <load_address>0x57b8</load_address>
         <run_address>0x57b8</run_address>
         <size>0x8</size>
      </object_component>
      <object_component id="oc-772">
         <name>__TI_cinit_table</name>
         <load_address>0x57c0</load_address>
         <run_address>0x57c0</run_address>
         <size>0x10</size>
      </object_component>
      <object_component id="oc-745">
         <name>.binit</name>
         <load_address>0x0</load_address>
         <run_address>0x0</run_address>
         <size>0x0</size>
      </object_component>
      <object_component id="oc-522">
         <name>.data</name>
         <load_address>0x20000078</load_address>
         <run_address>0x20000078</run_address>
         <size>0x5</size>
         <input_file_ref idref="fl-4"/>
      </object_component>
      <object_component id="oc-219">
         <name>.data</name>
         <load_address>0x2000007d</load_address>
         <run_address>0x2000007d</run_address>
         <size>0x2</size>
         <input_file_ref idref="fl-7"/>
      </object_component>
      <object_component id="oc-344">
         <name>.data:g_sCrystalfontz128x128</name>
         <load_address>0x20000068</load_address>
         <run_address>0x20000068</run_address>
         <size>0x10</size>
         <input_file_ref idref="fl-a"/>
      </object_component>
      <object_component id="oc-6e6">
         <name>.data</name>
         <load_address>0x20000080</load_address>
         <run_address>0x20000080</run_address>
         <size>0x4</size>
         <input_file_ref idref="fl-ff"/>
      </object_component>
      <object_component id="oc-fd">
         <name>.bss</name>
         <uninitialized>true</uninitialized>
         <run_address>0x20000058</run_address>
         <size>0x5</size>
         <input_file_ref idref="fl-4"/>
      </object_component>
      <object_component id="oc-523">
         <name>.bss:debounceTimer$2</name>
         <uninitialized>true</uninitialized>
         <run_address>0x20000010</run_address>
         <size>0x10</size>
         <input_file_ref idref="fl-4"/>
      </object_component>
      <object_component id="oc-525">
         <name>.bss:debounceTimer$4</name>
         <uninitialized>true</uninitialized>
         <run_address>0x20000020</run_address>
         <size>0x10</size>
         <input_file_ref idref="fl-4"/>
      </object_component>
      <object_component id="oc-527">
         <name>.bss:debounceTimer$6</name>
         <uninitialized>true</uninitialized>
         <run_address>0x20000030</run_address>
         <size>0x10</size>
         <input_file_ref idref="fl-4"/>
      </object_component>
      <object_component id="oc-529">
         <name>.bss:debounceTimer$8</name>
         <uninitialized>true</uninitialized>
         <run_address>0x20000040</run_address>
         <size>0x10</size>
         <input_file_ref idref="fl-4"/>
      </object_component>
      <object_component id="oc-52b">
         <name>.bss:debounceTimer$10</name>
         <uninitialized>true</uninitialized>
         <run_address>0x20000000</run_address>
         <size>0x10</size>
         <input_file_ref idref="fl-4"/>
      </object_component>
      <object_component id="oc-e3">
         <name>.bss</name>
         <uninitialized>true</uninitialized>
         <run_address>0x2000005d</run_address>
         <size>0x1</size>
         <input_file_ref idref="fl-7"/>
      </object_component>
      <object_component id="oc-ed">
         <name>.bss</name>
         <uninitialized>true</uninitialized>
         <run_address>0x20000050</run_address>
         <size>0x8</size>
         <input_file_ref idref="fl-9"/>
      </object_component>
      <object_component id="oc-4b3">
         <name>.common:Lcd_Orientation</name>
         <uninitialized>true</uninitialized>
         <run_address>0x20000066</run_address>
         <size>0x1</size>
      </object_component>
      <object_component id="oc-4aa">
         <name>.common:Lcd_ScreenWidth</name>
         <uninitialized>true</uninitialized>
         <run_address>0x20000060</run_address>
         <size>0x2</size>
      </object_component>
      <object_component id="oc-4ad">
         <name>.common:Lcd_ScreenHeigth</name>
         <uninitialized>true</uninitialized>
         <run_address>0x2000005e</run_address>
         <size>0x2</size>
      </object_component>
      <object_component id="oc-4ae">
         <name>.common:Lcd_PenSolid</name>
         <uninitialized>true</uninitialized>
         <run_address>0x20000067</run_address>
         <size>0x1</size>
      </object_component>
      <object_component id="oc-4af">
         <name>.common:Lcd_FontSolid</name>
         <uninitialized>true</uninitialized>
         <run_address>0x20000065</run_address>
         <size>0x1</size>
      </object_component>
      <object_component id="oc-4b0">
         <name>.common:Lcd_FlagRead</name>
         <uninitialized>true</uninitialized>
         <run_address>0x20000064</run_address>
         <size>0x1</size>
      </object_component>
      <object_component id="oc-4b1">
         <name>.common:Lcd_TouchTrim</name>
         <uninitialized>true</uninitialized>
         <run_address>0x20000062</run_address>
         <size>0x2</size>
      </object_component>
      <object_component id="oc-29">
         <name>.stack</name>
         <uninitialized>true</uninitialized>
         <run_address>0x2000fe00</run_address>
         <size>0x4</size>
         <input_file_ref idref="fl-ea"/>
      </object_component>
      <object_component id="oc-776">
         <name>.stack</name>
         <uninitialized>true</uninitialized>
         <run_address>0x2000fe00</run_address>
         <size>0x0</size>
      </object_component>
      <object_component id="oc-1bf">
         <name>.debug_info</name>
         <load_address>0x0</load_address>
         <run_address>0x0</run_address>
         <size>0xbec</size>
         <input_file_ref idref="fl-2"/>
      </object_component>
      <object_component id="oc-400">
         <name>.debug_info</name>
         <load_address>0xbec</load_address>
         <run_address>0xbec</run_address>
         <size>0xdf</size>
         <input_file_ref idref="fl-2"/>
      </object_component>
      <object_component id="oc-bf">
         <name>.debug_info</name>
         <load_address>0xccb</load_address>
         <run_address>0xccb</run_address>
         <size>0x1e3</size>
         <input_file_ref idref="fl-2"/>
      </object_component>
      <object_component id="oc-129">
         <name>.debug_info</name>
         <load_address>0xeae</load_address>
         <run_address>0xeae</run_address>
         <size>0x208</size>
         <input_file_ref idref="fl-2"/>
      </object_component>
      <object_component id="oc-251">
         <name>.debug_info</name>
         <load_address>0x10b6</load_address>
         <run_address>0x10b6</run_address>
         <size>0x19c</size>
         <input_file_ref idref="fl-2"/>
      </object_component>
      <object_component id="oc-135">
         <name>.debug_info</name>
         <load_address>0x1252</load_address>
         <run_address>0x1252</run_address>
         <size>0x14d</size>
         <input_file_ref idref="fl-2"/>
      </object_component>
      <object_component id="oc-140">
         <name>.debug_info</name>
         <load_address>0x139f</load_address>
         <run_address>0x139f</run_address>
         <size>0x2d1</size>
         <input_file_ref idref="fl-2"/>
      </object_component>
      <object_component id="oc-11c">
         <name>.debug_info</name>
         <load_address>0x1670</load_address>
         <run_address>0x1670</run_address>
         <size>0x16f</size>
         <input_file_ref idref="fl-2"/>
      </object_component>
      <object_component id="oc-234">
         <name>.debug_info</name>
         <load_address>0x17df</load_address>
         <run_address>0x17df</run_address>
         <size>0x1eb</size>
         <input_file_ref idref="fl-2"/>
      </object_component>
      <object_component id="oc-240">
         <name>.debug_info</name>
         <load_address>0x19ca</load_address>
         <run_address>0x19ca</run_address>
         <size>0x2ad</size>
         <input_file_ref idref="fl-2"/>
      </object_component>
      <object_component id="oc-228">
         <name>.debug_info</name>
         <load_address>0x1c77</load_address>
         <run_address>0x1c77</run_address>
         <size>0x27a</size>
         <input_file_ref idref="fl-2"/>
      </object_component>
      <object_component id="oc-3f4">
         <name>.debug_info</name>
         <load_address>0x1ef1</load_address>
         <run_address>0x1ef1</run_address>
         <size>0x2ba</size>
         <input_file_ref idref="fl-2"/>
      </object_component>
      <object_component id="oc-23a">
         <name>.debug_info</name>
         <load_address>0x21ab</load_address>
         <run_address>0x21ab</run_address>
         <size>0x261</size>
         <input_file_ref idref="fl-2"/>
      </object_component>
      <object_component id="oc-40a">
         <name>.debug_info</name>
         <load_address>0x240c</load_address>
         <run_address>0x240c</run_address>
         <size>0x2a4</size>
         <input_file_ref idref="fl-2"/>
      </object_component>
      <object_component id="oc-404">
         <name>.debug_info</name>
         <load_address>0x26b0</load_address>
         <run_address>0x26b0</run_address>
         <size>0x378</size>
         <input_file_ref idref="fl-2"/>
      </object_component>
      <object_component id="oc-257">
         <name>.debug_info</name>
         <load_address>0x2a28</load_address>
         <run_address>0x2a28</run_address>
         <size>0x9a</size>
         <input_file_ref idref="fl-2"/>
      </object_component>
      <object_component id="oc-106">
         <name>.debug_info</name>
         <load_address>0x2ac2</load_address>
         <run_address>0x2ac2</run_address>
         <size>0x26b</size>
         <input_file_ref idref="fl-2"/>
      </object_component>
      <object_component id="oc-298">
         <name>.debug_info</name>
         <load_address>0x2d2d</load_address>
         <run_address>0x2d2d</run_address>
         <size>0x1028</size>
         <input_file_ref idref="fl-2"/>
      </object_component>
      <object_component id="oc-2ab">
         <name>.debug_info</name>
         <load_address>0x3d55</load_address>
         <run_address>0x3d55</run_address>
         <size>0x37e2</size>
         <input_file_ref idref="fl-2"/>
      </object_component>
      <object_component id="oc-261">
         <name>.debug_info</name>
         <load_address>0x7537</load_address>
         <run_address>0x7537</run_address>
         <size>0x439</size>
         <input_file_ref idref="fl-2"/>
      </object_component>
[...]
      </symbol>
      <symbol id="sm-707">
         <name>FlashCtl_setWaitState</name>
         <value>0x4359</value>
         <object_component_ref idref="oc-2b7"/>
      </symbol>
      <symbol id="sm-78d">
         <name>GPIO_setOutputHighOnPin</name>
         <value>0x4cf5</value>
         <object_component_ref idref="oc-3a0"/>
      </symbol>
      <symbol id="sm-78e">
         <name>GPIO_setAsInputPinWithPullUpResistor</name>
         <value>0x3fb9</value>
         <object_component_ref idref="oc-479"/>
      </symbol>
      <symbol id="sm-78f">
         <name>GPIO_getInterruptStatus</name>
         <value>0x4dbd</value>
         <object_component_ref idref="oc-f1"/>
      </symbol>
      <symbol id="sm-790">
         <name>GPIO_enableInterrupt</name>
         <value>0x4ccd</value>
         <object_component_ref idref="oc-47f"/>
      </symbol>
      <symbol id="sm-791">
         <name>GPIO_setAsOutputPin</name>
         <value>0x44fd</value>
         <object_component_ref idref="oc-2e8"/>
      </symbol>
      <symbol id="sm-792">
         <name>GPIO_interruptEdgeSelect</name>
         <value>0x46bd</value>
         <object_component_ref idref="oc-485"/>
      </symbol>
      <symbol id="sm-793">
         <name>GPIO_setOutputLowOnPin</name>
         <value>0x4d1d</value>
         <object_component_ref idref="oc-3ae"/>
      </symbol>
      <symbol id="sm-794">
         <name>GPIO_clearInterruptFlag</name>
         <value>0x4ca5</value>
         <object_component_ref idref="oc-f7"/>
      </symbol>
      <symbol id="sm-795">
         <name>GPIO_toggleOutputOnPin</name>
         <value>0x4d45</value>
         <object_component_ref idref="oc-3e5"/>
      </symbol>
      <symbol id="sm-796">
         <name>GPIO_setAsPeripheralModuleFunctionOutputPin</name>
         <value>0x3771</value>
         <object_component_ref idref="oc-593"/>
      </symbol>
      <symbol id="sm-797">
         <name>GPIO_setAsPeripheralModuleFunctionInputPin</name>
         <value>0x36e9</value>
         <object_component_ref idref="oc-386"/>
      </symbol>
      <symbol id="sm-7c6">
         <name>Interrupt_disableMaster</name>
         <value>0x5095</value>
         <object_component_ref idref="oc-2b1"/>
      </symbol>
      <symbol id="sm-7c7">
         <name>Interrupt_enableMaster</name>
         <value>0x50a5</value>
         <object_component_ref idref="oc-2db"/>
      </symbol>
      <symbol id="sm-7c8">
         <name>Interrupt_enableInterrupt</name>
         <value>0x3985</value>
         <object_component_ref idref="oc-2d5"/>
      </symbol>
      <symbol id="sm-7d7">
         <name>PCM_gotoLPM0</name>
         <value>0x4d6d</value>
         <object_component_ref idref="oc-206"/>
      </symbol>
      <symbol id="sm-817">
         <name>EUSCI_B_SPI_enable</name>
         <value>0x4fcd</value>
         <object_component_ref idref="oc-611"/>
      </symbol>
      <symbol id="sm-818">
         <name>SPI_enableModule</name>
         <value>0x4ecb</value>
         <object_component_ref idref="oc-5a0"/>
      </symbol>
      <symbol id="sm-819">
         <name>EUSCI_A_SPI_enable</name>
         <value>0x4fb7</value>
         <object_component_ref idref="oc-60b"/>
      </symbol>
      <symbol id="sm-81a">
         <name>SPI_initMaster</name>
         <value>0x2fb5</value>
         <object_component_ref idref="oc-59a"/>
      </symbol>
      <symbol id="sm-831">
         <name>SysCtl_A_getTLVInfo</name>
         <value>0x3541</value>
         <object_component_ref idref="oc-44f"/>
      </symbol>
      <symbol id="sm-86a">
         <name>Timer32_startTimer</name>
         <value>0x47a5</value>
         <object_component_ref idref="oc-2e1"/>
      </symbol>
      <symbol id="sm-86b">
         <name>Timer32_setCount</name>
         <value>0x48e9</value>
         <object_component_ref idref="oc-2cf"/>
      </symbol>
      <symbol id="sm-86c">
         <name>Timer32_getValue</name>
         <value>0x50e1</value>
         <object_component_ref idref="oc-35a"/>
      </symbol>
      <symbol id="sm-86d">
         <name>Timer32_initModule</name>
         <value>0x3be5</value>
         <object_component_ref idref="oc-2c9"/>
      </symbol>
      <symbol id="sm-86e">
         <name>Timer32_clearInterruptFlag</name>
         <value>0x5025</value>
         <object_component_ref idref="oc-e7"/>
      </symbol>
      <symbol id="sm-87a">
         <name>WDT_A_holdTimer</name>
         <value>0x4e29</value>
         <object_component_ref idref="oc-1c0"/>
      </symbol>
      <symbol id="sm-894">
         <name>CPU_wfi</name>
         <value>0x51c1</value>
         <object_component_ref idref="oc-3a7"/>
      </symbol>
      <symbol id="sm-895">
         <name>CPU_cpsie</name>
         <value>0x5115</value>
         <object_component_ref idref="oc-46a"/>
      </symbol>
      <symbol id="sm-896">
         <name>CPU_cpsid</name>
         <value>0x5109</value>
         <object_component_ref idref="oc-447"/>
      </symbol>
      <symbol id="sm-8bd">
         <name>sprintf</name>
         <value>0x463d</value>
         <object_component_ref idref="oc-559"/>
      </symbol>
      <symbol id="sm-8c6">
         <name>__aeabi_lmul</name>
         <value>0x4f9f</value>
         <object_component_ref idref="oc-354"/>
      </symbol>
      <symbol id="sm-8e1">
         <name>memcpy</name>
         <value>0x32db</value>
         <object_component_ref idref="oc-37"/>
      </symbol>
      <symbol id="sm-8e2">
         <name>__aeabi_memcpy</name>
         <value>0x32db</value>
         <object_component_ref idref="oc-37"/>
      </symbol>
      <symbol id="sm-8e3">
         <name>__aeabi_memcpy8</name>
         <value>0x32db</value>
         <object_component_ref idref="oc-37"/>
      </symbol>
      <symbol id="sm-8e4">
         <name>__aeabi_memcpy4</name>
         <value>0x32db</value>
         <object_component_ref idref="oc-37"/>
      </symbol>
      <symbol id="sm-8f3">
         <name>__aeabi_memset</name>
         <value>0x3a83</value>
         <object_component_ref idref="oc-b1"/>
      </symbol>
      <symbol id="sm-8f4">
         <name>memset</name>
         <value>0x3a89</value>
         <object_component_ref idref="oc-b1"/>
      </symbol>
      <symbol id="sm-8f5">
         <name>__aeabi_memset8</name>
         <value>0x3a83</value>
         <object_component_ref idref="oc-b1"/>
      </symbol>
      <symbol id="sm-8f6">
         <name>__aeabi_memset4</name>
         <value>0x3a83</value>
         <object_component_ref idref="oc-b1"/>
      </symbol>
      <symbol id="sm-8f7">
         <name>__aeabi_memclr8</name>
         <value>0x3a81</value>
         <object_component_ref idref="oc-b1"/>
      </symbol>
      <symbol id="sm-8f8">
         <name>__aeabi_memclr4</name>
         <value>0x3a81</value>
         <object_component_ref idref="oc-b1"/>
      </symbol>
      <symbol id="sm-8f9">
         <name>__aeabi_memclr</name>
         <value>0x3a81</value>
         <object_component_ref idref="oc-b1"/>
      </symbol>
      <symbol id="sm-906">
         <name>__aeabi_uldivmod</name>
         <value>0x34a9</value>
         <object_component_ref idref="oc-34f"/>
      </symbol>
      <symbol id="sm-91a">
         <name>__TI_zero_init_nomemset</name>
         <value>0x4ee7</value>
         <object_component_ref idref="oc-43"/>
      </symbol>
      <symbol id="sm-931">
         <name>__TI_decompress_none</name>
         <value>0x50ef</value>
         <object_component_ref idref="oc-1d"/>
      </symbol>
      <symbol id="sm-954">
         <name>__TI_decompress_lzss</name>
         <value>0x3c4d</value>
         <object_component_ref idref="oc-17"/>
      </symbol>
      <symbol id="sm-964">
         <name>strcat</name>
         <value>0x4ead</value>
         <object_component_ref idref="oc-55f"/>
      </symbol>
      <symbol id="sm-977">
         <name>__stack</name>
         <value>0x2000fe00</value>
         <object_component_ref idref="oc-29"/>
      </symbol>
      <symbol id="sm-978">
         <name>_c_int00_noargs</name>
         <value>0x491d</value>
         <object_component_ref idref="oc-55"/>
      </symbol>
      <symbol id="sm-add">
         <name>__TI_printfi</name>
         <value>0xe5</value>
         <object_component_ref idref="oc-5e2"/>
      </symbol>
      <symbol id="sm-ae7">
         <name>__aeabi_idiv0</name>
         <value>0x19ab</value>
         <object_component_ref idref="oc-503"/>
      </symbol>
      <symbol id="sm-ae8">
         <name>__aeabi_ldiv0</name>
         <value>0x19ab</value>
         <object_component_ref idref="oc-503"/>
      </symbol>
      <symbol id="sm-aff">
         <name>__aeabi_dsub</name>
         <value>0x17f5</value>
         <object_component_ref idref="oc-6aa"/>
      </symbol>
      <symbol id="sm-b00">
         <name>__aeabi_dadd</name>
         <value>0x17ff</value>
         <object_component_ref idref="oc-6aa"/>
      </symbol>
      <symbol id="sm-b22">
         <name>__aeabi_cdcmpeq</name>
         <value>0x37f9</value>
         <object_component_ref idref="oc-635"/>
      </symbol>
      <symbol id="sm-b23">
         <name>__aeabi_cdcmple</name>
         <value>0x37f9</value>
         <object_component_ref idref="oc-635"/>
      </symbol>
      <symbol id="sm-b24">
         <name>__aeabi_cdrcmple</name>
         <value>0x387f</value>
         <object_component_ref idref="oc-695"/>
      </symbol>
      <symbol id="sm-b38">
         <name>__aeabi_ddiv</name>
         <value>0x20ad</value>
         <object_component_ref idref="oc-690"/>
      </symbol>
      <symbol id="sm-b43">
         <name>__aeabi_dmul</name>
         <value>0x2af5</value>
         <object_component_ref idref="oc-68b"/>
      </symbol>
      <symbol id="sm-b4d">
         <name>__aeabi_d2iz</name>
         <value>0x43e9</value>
         <object_component_ref idref="oc-69a"/>
      </symbol>
      <symbol id="sm-b57">
         <name>__aeabi_i2d</name>
         <value>0x4aa3</value>
         <object_component_ref idref="oc-6a5"/>
      </symbol>
      <symbol id="sm-b7f">
         <name>__TI_auto_init_nobinit_nopinit</name>
         <value>0x4479</value>
         <object_component_ref idref="oc-166"/>
      </symbol>
      <symbol id="sm-b89">
         <name>_system_pre_init</name>
         <value>0x51c5</value>
         <object_component_ref idref="oc-b7"/>
      </symbol>
      <symbol id="sm-b95">
         <name>C$$EXIT</name>
         <value>0x51c9</value>
         <object_component_ref idref="oc-15a"/>
      </symbol>
      <symbol id="sm-b96">
         <name>abort</name>
         <value>0x51c9</value>
         <object_component_ref idref="oc-15a"/>
      </symbol>
      <symbol id="sm-ba6">
         <name>__TI_ltoa</name>
         <value>0x4215</value>
         <object_component_ref idref="oc-69f"/>
      </symbol>
      <symbol id="sm-bbd">
         <name>atoi</name>
         <value>0x430d</value>
         <object_component_ref idref="oc-629"/>
      </symbol>
      <symbol id="sm-bc8">
         <name>_ctypes_</name>
         <value>0x54c4</value>
         <object_component_ref idref="oc-684"/>
      </symbol>
      <symbol id="sm-bd8">
         <name>memccpy</name>
         <value>0x4f03</value>
         <object_component_ref idref="oc-652"/>
      </symbol>
      <symbol id="sm-be8">
         <name>strchr</name>
         <value>0x500f</value>
         <object_component_ref idref="oc-6d6"/>
      </symbol>
      <symbol id="sm-bf6">
         <name>strlen</name>
         <value>0x504d</value>
         <object_component_ref idref="oc-623"/>
      </symbol>
      <symbol id="sm-c0c">
         <name>__aeabi_errno_addr</name>
         <value>0x51b9</value>
         <object_component_ref idref="oc-65e"/>
      </symbol>
      <symbol id="sm-c0d">
         <name>errno</name>
         <value>0x20000080</value>
         <object_component_ref idref="oc-6e6"/>
      </symbol>
      <symbol id="sm-c2d">
         <name>frexpl</name>
         <value>0x3cb5</value>
         <object_component_ref idref="oc-6ca"/>
      </symbol>
      <symbol id="sm-c2e">
         <name>frexp</name>
         <value>0x3cb5</value>
         <object_component_ref idref="oc-6ca"/>
      </symbol>
      <symbol id="sm-c4b">
         <name>scalbn</name>
         <value>0x29e5</value>
         <object_component_ref idref="oc-6d0"/>
      </symbol>
      <symbol id="sm-c4c">
         <name>scalbnl</name>
         <value>0x29e5</value>
         <object_component_ref idref="oc-6d0"/>
      </symbol>
      <symbol id="sm-c4d">
         <name>ldexpl</name>
         <value>0x29e5</value>
         <object_component_ref idref="oc-6d0"/>
      </symbol>
      <symbol id="sm-c4e">
         <name>ldexp</name>
         <value>0x29e5</value>
         <object_component_ref idref="oc-6d0"/>
      </symbol>
      <symbol id="sm-c58">
         <name>copysign</name>
         <value>0x4f6d</value>
         <object_component_ref idref="oc-716"/>
      </symbol>
      <symbol id="sm-c59">
         <name>copysignl</name>
         <value>0x4f6d</value>
         <object_component_ref idref="oc-716"/>
      </symbol>
      <symbol id="sm-c72">
         <name>wcslen</name>
         <value>0x5073</value>
         <object_component_ref idref="oc-658"/>
      </symbol>
      <symbol id="sm-c73">
         <name>__TI_static_base__</name>
         <value>0x0</value>
      </symbol>
      <symbol id="sm-c76">
         <name>__mpu_init</name>
         <value>0x0</value>
      </symbol>
      <symbol id="sm-c77">
         <name>_system_post_cinit</name>
         <value>0x0</value>
      </symbol>
      <symbol id="sm-c78">
         <name>NMI_Handler</name>
         <value>0x1623</value>
      </symbol>
      <symbol id="sm-c79">
         <name>HardFault_Handler</name>
         <value>0x1623</value>
      </symbol>
      <symbol id="sm-c7a">
         <name>MemManage_Handler</name>
         <value>0x1623</value>
      </symbol>
      <symbol id="sm-c7b">
         <name>BusFault_Handler</name>
         <value>0x1623</value>
      </symbol>
      <symbol id="sm-c7c">
         <name>UsageFault_Handler</name>
         <value>0x1623</value>
      </symbol>
      <symbol id="sm-c7d">
         <name>SVC_Handler</name>
         <value>0x1623</value>
      </symbol>
      <symbol id="sm-c7e">
         <name>DebugMon_Handler</name>
         <value>0x1623</value>
      </symbol>
      <symbol id="sm-c7f">
         <name>PendSV_Handler</name>
         <value>0x1623</value>
      </symbol>
      <symbol id="sm-c80">
         <name>SysTick_Handler</name>
         <value>0x1623</value>
      </symbol>
      <symbol id="sm-c81">
         <name>PSS_IRQHandler</name>
         <value>0x1623</value>
      </symbol>
      <symbol id="sm-c82">
         <name>CS_IRQHandler</name>
         <value>0x1623</value>
      </symbol>
      <symbol id="sm-c83">
         <name>PCM_IRQHandler</name>
         <value>0x1623</value>
      </symbol>
      <symbol id="sm-c84">
         <name>WDT_A_IRQHandler</name>
         <value>0x1623</value>
      </symbol>
      <symbol id="sm-c85">
         <name>FPU_IRQHandler</name>
         <value>0x1623</value>
      </symbol>
      <symbol id="sm-c86">
         <name>FLCTL_IRQHandler</name>
         <value>0x1623</value>
      </symbol>
      <symbol id="sm-c87">
         <name>COMP_E0_IRQHandler</name>
         <value>0x1623</value>
      </symbol>
      <symbol id="sm-c88">
         <name>COMP_E1_IRQHandler</name>
         <value>0x1623</value>
      </symbol>
      <symbol id="sm-c89">
         <name>TA0_0_IRQHandler</name>
         <value>0x1623</value>
      </symbol>
      <symbol id="sm-c8a">
         <name>TA0_N_IRQHandler</name>
         <value>0x1623</value>
      </symbol>
      <symbol id="sm-c8b">
         <name>TA1_0_IRQHandler</name>
         <value>0x1623</value>
      </symbol>
      <symbol id="sm-c8c">
         <name>TA1_N_IRQHandler</name>
         <value>0x1623</value>
      </symbol>
      <symbol id="sm-c8d">
         <name>TA2_0_IRQHandler</name>
         <value>0x1623</value>
      </symbol>
      <symbol id="sm-c8e">
         <name>TA2_N_IRQHandler</name>
         <value>0x1623</value>
      </symbol>
      <symbol id="sm-c8f">
         <name>TA3_0_IRQHandler</name>
         <value>0x1623</value>
      </symbol>
      <symbol id="sm-c90">
         <name>TA3_N_IRQHandler</name>
         <value>0x1623</value>
      </symbol>
      <symbol id="sm-c91">
         <name>EUSCIA0_IRQHandler</name>
         <value>0x1623</value>
      </symbol>
      <symbol id="sm-c92">
         <name>EUSCIA1_IRQHandler</name>
         <value>0x1623</value>
      </symbol>
      <symbol id="sm-c93">
         <name>EUSCIA2_IRQHandler</name>
         <value>0x1623</value>
      </symbol>
      <symbol id="sm-c94">
         <name>EUSCIA3_IRQHandler</name>
         <value>0x1623</value>
      </symbol>
      <symbol id="sm-c95">
         <name>EUSCIB0_IRQHandler</name>
         <value>0x1623</value>
      </symbol>
      <symbol id="sm-c96">
         <name>EUSCIB1_IRQHandler</name>
         <value>0x1623</value>
      </symbol>
      <symbol id="sm-c97">
         <name>EUSCIB2_IRQHandler</name>
         <value>0x1623</value>
      </symbol>
      <symbol id="sm-c98">
         <name>EUSCIB3_IRQHandler</name>
         <value>0x1623</value>
      </symbol>
      <symbol id="sm-c99">
         <name>ADC14_IRQHandler</name>
         <value>0x4ad1</value>
      </symbol>
      <symbol id="sm-c9a">
         <name>T32_INT1_IRQHandler</name>
         <value>0x4d95</value>
      </symbol>
      <symbol id="sm-c9b">
         <name>T32_INT2_IRQHandler</name>
         <value>0x1623</value>
      </symbol>
      <symbol id="sm-c9c">
         <name>T32_INTC_IRQHandler</name>
         <value>0x1623</value>
      </symbol>
      <symbol id="sm-c9d">
         <name>AES256_IRQHandler</name>
         <value>0x1623</value>
      </symbol>
      <symbol id="sm-c9e">
         <name>RTC_C_IRQHandler</name>
         <value>0x1623</value>
      </symbol>
      <symbol id="sm-c9f">
         <name>DMA_ERR_IRQHandler</name>
         <value>0x1623</value>
      </symbol>
      <symbol id="sm-ca0">
         <name>DMA_INT3_IRQHandler</name>
         <value>0x1623</value>
      </symbol>
      <symbol id="sm-ca1">
         <name>DMA_INT2_IRQHandler</name>
         <value>0x1623</value>
      </symbol>
      <symbol id="sm-ca2">
         <name>DMA_INT1_IRQHandler</name>
         <value>0x1623</value>
      </symbol>
      <symbol id="sm-ca3">
         <name>DMA_INT0_IRQHandler</name>
         <value>0x1623</value>
      </symbol>
      <symbol id="sm-ca4">
         <name>PORT1_IRQHandler</name>
         <value>0x45bd</value>
      </symbol>
      <symbol id="sm-ca5">
         <name>PORT2_IRQHandler</name>
         <value>0x1623</value>
      </symbol>
      <symbol id="sm-ca6">
         <name>PORT3_IRQHandler</name>
         <value>0x4e4d</value>
      </symbol>
      <symbol id="sm-ca7">
         <name>PORT4_IRQHandler</name>
         <value>0x4e6d</value>
      </symbol>
      <symbol id="sm-ca8">
         <name>PORT5_IRQHandler</name>
         <value>0x4e8d</value>
      </symbol>
      <symbol id="sm-ca9">
         <name>PORT6_IRQHandler</name>
         <value>0x1623</value>
      </symbol>
   </symbol_table>
   <title>Link successful</title>
</link_info>
